Copyright 1986-2022 Xilinx, Inc. All Rights Reserved. Copyright 2022-2025 Advanced Micro Devices, Inc. All Rights Reserved.
---------------------------------------------------------------------------------------------------------------------------------------------
| Tool Version : Vivado v.2025.2 (win64) Build 6299465 Fri Nov 14 19:35:11 GMT 2025
| Date         : Thu Apr 16 18:32:44 2026
| Host         : DESKTOP-LH20376 running 64-bit major release  (build 9200)
| Command      : report_control_sets -verbose -file top_control_sets_placed.rpt
| Design       : top
| Device       : xc7a50ti
---------------------------------------------------------------------------------------------------------------------------------------------

Control Set Information

Table of Contents
-----------------
1. Summary
2. Histogram
3. Flip-Flop Distribution
4. Detailed Control Set Information

1. Summary
----------

+----------------------------------------------------------+-------+
|                          Status                          | Count |
+----------------------------------------------------------+-------+
| Total control sets                                       |    24 |
|    Minimum number of control sets                        |    24 |
|    Addition due to synthesis replication                 |     0 |
|    Addition due to physical synthesis replication        |     0 |
| Unused register locations in slices containing registers |   109 |
+----------------------------------------------------------+-------+
* Control sets can be merged at opt_design using control_set_merge or merge_equivalent_drivers
** Run report_qor_suggestions for automated merging and remapping suggestions


2. Histogram
------------

+--------------------+-------+
|       Fanout       | Count |
+--------------------+-------+
| Total control sets |    24 |
| >= 0 to < 4        |     0 |
| >= 4 to < 6        |    11 |
| >= 6 to < 8        |     0 |
| >= 8 to < 10       |     0 |
| >= 10 to < 12      |     0 |
| >= 12 to < 14      |     0 |
| >= 14 to < 16      |     1 |
| >= 16              |    12 |
+--------------------+-------+
* Control sets can be remapped at either synth_design or opt_design


3. Flip-Flop Distribution
-------------------------

+--------------+-----------------------+------------------------+-----------------+--------------+
| Clock Enable | Synchronous Set/Reset | Asynchronous Set/Reset | Total Registers | Total Slices |
+--------------+-----------------------+------------------------+-----------------+--------------+
| No           | No                    | No                     |              16 |            8 |
| No           | No                    | Yes                    |               0 |            0 |
| No           | Yes                   | No                     |             271 |           79 |
| Yes          | No                    | No                     |              16 |            6 |
| Yes          | No                    | Yes                    |               0 |            0 |
| Yes          | Yes                   | No                     |              28 |           12 |
+--------------+-----------------------+------------------------+-----------------+--------------+


4. Detailed Control Set Information
-----------------------------------

+----------------+--------------------------------------+------------------------------------------------+------------------+----------------+--------------+
|  Clock Signal  |             Enable Signal            |                Set/Reset Signal                | Slice Load Count | Bel Load Count | Bels / Slice |
+----------------+--------------------------------------+------------------------------------------------+------------------+----------------+--------------+
|  clk_IBUF_BUFG | DB_LEFT/clock_0/E[0]                 | btnc_IBUF                                      |                1 |              4 |         4.00 |
|  clk_IBUF_BUFG | DB_DOWN/clock_0/E[0]                 | btnc_IBUF                                      |                1 |              4 |         4.00 |
|  clk_IBUF_BUFG | PARAMETER_0/bcd_digits[1][3]_i_1_n_0 |                                                |                1 |              4 |         4.00 |
|  clk_IBUF_BUFG | PARAMETER_0/bcd_digits[6][3]_i_1_n_0 | btnc_IBUF                                      |                2 |              4 |         2.00 |
|  clk_IBUF_BUFG | PARAMETER_0/bcd_digits[4][3]_i_1_n_0 |                                                |                3 |              4 |         1.33 |
|  clk_IBUF_BUFG | PARAMETER_0/bcd_digits[5]_3[0]       | btnc_IBUF                                      |                3 |              4 |         1.33 |
|  clk_IBUF_BUFG | PARAMETER_0/bcd_digits[3]_0[0]       |                                                |                1 |              4 |         4.00 |
|  clk_IBUF_BUFG | PARAMETER_0/bcd_digits[2]_1[0]       |                                                |                1 |              4 |         4.00 |
|  clk_IBUF_BUFG | PARAMETER_0/bcd_digits[7]_2[0]       | btnc_IBUF                                      |                3 |              4 |         1.33 |
|  clk_IBUF_BUFG | DB_RIGHT/clock_0/E[0]                | btnc_IBUF                                      |                1 |              4 |         4.00 |
|  clk_IBUF_BUFG | DB_UP/clock_0/E[0]                   | btnc_IBUF                                      |                1 |              4 |         4.00 |
|  clk_IBUF_BUFG |                                      | PARAMETER_0/freq_raw[13]_i_1_n_0               |                5 |             14 |         2.80 |
|  clk_IBUF_BUFG |                                      |                                                |                8 |             16 |         2.00 |
|  clk_IBUF_BUFG |                                      | DISPLAY_DRIVER_0/clock_0/sig_cnt[0]_i_1__3_n_0 |                5 |             17 |         3.40 |
|  clk_IBUF_BUFG |                                      | DB_LEFT/clock_0/sig_cnt[0]_i_1__1_n_0          |                5 |             18 |         3.60 |
|  clk_IBUF_BUFG |                                      | DB_DOWN/clock_0/sig_cnt[0]_i_1__0_n_0          |                5 |             18 |         3.60 |
|  clk_IBUF_BUFG |                                      | DB_RIGHT/clock_0/sig_cnt[0]_i_1__2_n_0         |                5 |             18 |         3.60 |
|  clk_IBUF_BUFG |                                      | DB_UP/clock_0/sig_cnt[0]_i_1_n_0               |                5 |             18 |         3.60 |
|  clk_IBUF_BUFG |                                      | DB_DOWN/clock_repeat/sig_cnt[0]_i_1__6_n_0     |                7 |             26 |         3.71 |
|  clk_IBUF_BUFG |                                      | DB_LEFT/clock_repeat/sig_cnt[0]_i_1__7_n_0     |                7 |             26 |         3.71 |
|  clk_IBUF_BUFG |                                      | DB_RIGHT/clock_repeat/sig_cnt[0]_i_1__8_n_0    |                7 |             26 |         3.71 |
|  clk_IBUF_BUFG |                                      | DB_UP/clock_repeat/sig_cnt[0]_i_1__5_n_0       |                7 |             26 |         3.71 |
|  clk_IBUF_BUFG |                                      | DISPLAY_DRIVER_0/clock_1/sig_cnt[0]_i_1__4_n_0 |                7 |             26 |         3.71 |
|  clk_IBUF_BUFG |                                      | btnc_IBUF                                      |               14 |             38 |         2.71 |
+----------------+--------------------------------------+------------------------------------------------+------------------+----------------+--------------+


