#-----------------------------------------------------------
# Vivado v2025.2 (64-bit)
# SW Build 6299465 on Fri Nov 14 19:35:11 GMT 2025
# IP Build 6300035 on Fri Nov 14 10:48:45 MST 2025
# SharedData Build 6298862 on Thu Nov 13 04:50:51 MST 2025
# Start of session at: Thu Apr 16 18:25:32 2026
# Process ID         : 14168
# Current directory  : C:/Users/adamsim/Documents/GitHub/DE1-waveform-gen/projekt
# Command line       : vivado.exe -gui_launcher_event rodinguilauncherevent17472 C:\Users\adamsim\Documents\GitHub\DE1-waveform-gen\projekt\projekt.xpr
# Log file           : C:/Users/adamsim/Documents/GitHub/DE1-waveform-gen/projekt/vivado.log
# Journal file       : C:/Users/adamsim/Documents/GitHub/DE1-waveform-gen/projekt\vivado.jou
# Running On         : DESKTOP-LH20376
# Platform           : Windows Server 2016 or Windows 10
# Operating System   : 26200
# Processor Detail   : AMD Ryzen 5 7640U w/ Radeon 760M Graphics      
# CPU Frequency      : 3494 MHz
# CPU Physical cores : 6
# CPU Logical cores  : 12
# Host memory        : 33618 MB
# Swap memory        : 2147 MB
# Total Virtual      : 35765 MB
# Available Virtual  : 22779 MB
#-----------------------------------------------------------
start_gui
open_project C:/Users/adamsim/Documents/GitHub/DE1-waveform-gen/projekt/projekt.xpr
WARNING: [Board 49-26] cannot add Board Part xilinx.com:emb-plus-vpr-4616:part0:1.0 available at C:/AMDDesignTools/2025.2/data/xhub/boards\XilinxBoardStore\boards\Xilinx\emb-plus-vpr-4616\1.0\board.xml as part xcve2302-sfva784-2mp-e-s specified in board_part file is either invalid or not available
WARNING: [Board 49-26] cannot add Board Part xilinx.com:emb-plus-vpr-4616:part0:1.1 available at C:/AMDDesignTools/2025.2/data/xhub/boards\XilinxBoardStore\boards\Xilinx\emb-plus-vpr-4616\1.1\board.xml as part xcve2302-sfva784-2mp-e-s specified in board_part file is either invalid or not available
WARNING: [Board 49-26] cannot add Board Part xilinx.com:k24c:part0:1.0 available at C:/AMDDesignTools/2025.2/data/xhub/boards\XilinxBoardStore\boards\Xilinx\k24c\1.0\board.xml as part xck24-ubva530-2lv-c specified in board_part file is either invalid or not available
WARNING: [Board 49-26] cannot add Board Part xilinx.com:k24c:part0:1.1 available at C:/AMDDesignTools/2025.2/data/xhub/boards\XilinxBoardStore\boards\Xilinx\k24c\1.1\board.xml as part xck24-ubva530-2lv-c specified in board_part file is either invalid or not available
WARNING: [Board 49-26] cannot add Board Part xilinx.com:k24i:part0:1.0 available at C:/AMDDesignTools/2025.2/data/xhub/boards\XilinxBoardStore\boards\Xilinx\k24i\1.0\board.xml as part xck24-ubva530-2lvi-i specified in board_part file is either invalid or not available
WARNING: [Board 49-26] cannot add Board Part xilinx.com:k26c:part0:1.2 available at C:/AMDDesignTools/2025.2/data/xhub/boards\XilinxBoardStore\boards\Xilinx\k26c\1.2\board.xml as part xck26-sfvc784-2lv-c specified in board_part file is either invalid or not available
WARNING: [Board 49-26] cannot add Board Part xilinx.com:k26c:part0:1.3 available at C:/AMDDesignTools/2025.2/data/xhub/boards\XilinxBoardStore\boards\Xilinx\k26c\1.3\board.xml as part xck26-sfvc784-2lv-c specified in board_part file is either invalid or not available
WARNING: [Board 49-26] cannot add Board Part xilinx.com:k26c:part0:1.4 available at C:/AMDDesignTools/2025.2/data/xhub/boards\XilinxBoardStore\boards\Xilinx\k26c\1.4\board.xml as part xck26-sfvc784-2lv-c specified in board_part file is either invalid or not available
WARNING: [Board 49-26] cannot add Board Part xilinx.com:k26i:part0:1.2 available at C:/AMDDesignTools/2025.2/data/xhub/boards\XilinxBoardStore\boards\Xilinx\k26i\1.2\board.xml as part xck26-sfvc784-2lvi-i specified in board_part file is either invalid or not available
WARNING: [Board 49-26] cannot add Board Part xilinx.com:k26i:part0:1.3 available at C:/AMDDesignTools/2025.2/data/xhub/boards\XilinxBoardStore\boards\Xilinx\k26i\1.3\board.xml as part xck26-sfvc784-2lvi-i specified in board_part file is either invalid or not available
WARNING: [Board 49-26] cannot add Board Part xilinx.com:k26i:part0:1.4 available at C:/AMDDesignTools/2025.2/data/xhub/boards\XilinxBoardStore\boards\Xilinx\k26i\1.4\board.xml as part xck26-sfvc784-2lvi-i specified in board_part file is either invalid or not available
WARNING: [Board 49-26] cannot add Board Part xilinx.com:kcu105:part0:1.6 available at C:/AMDDesignTools/2025.2/data/xhub/boards\XilinxBoardStore\boards\Xilinx\kcu105\1.6\board.xml as part xcku040-ffva1156-2-e specified in board_part file is either invalid or not available
WARNING: [Board 49-26] cannot add Board Part xilinx.com:kcu105:part0:1.7 available at C:/AMDDesignTools/2025.2/data/xhub/boards\XilinxBoardStore\boards\Xilinx\kcu105\1.7\board.xml as part xcku040-ffva1156-2-e specified in board_part file is either invalid or not available
WARNING: [Board 49-26] cannot add Board Part xilinx.com:kcu116:part0:1.4 available at C:/AMDDesignTools/2025.2/data/xhub/boards\XilinxBoardStore\boards\Xilinx\kcu116\1.4\board.xml as part xcku5p-ffvb676-2-e specified in board_part file is either invalid or not available
WARNING: [Board 49-26] cannot add Board Part xilinx.com:kcu116:part0:1.5 available at C:/AMDDesignTools/2025.2/data/xhub/boards\XilinxBoardStore\boards\Xilinx\kcu116\1.5\board.xml as part xcku5p-ffvb676-2-e specified in board_part file is either invalid or not available
WARNING: [Board 49-26] cannot add Board Part xilinx.com:kcu1500:part0:1.2 available at C:/AMDDesignTools/2025.2/data/xhub/boards\XilinxBoardStore\boards\Xilinx\kcu1500\1.2\board.xml as part xcku115-flvb2104-2-e specified in board_part file is either invalid or not available
WARNING: [Board 49-26] cannot add Board Part xilinx.com:kd240_som:part0:1.0 available at C:/AMDDesignTools/2025.2/data/xhub/boards\XilinxBoardStore\boards\Xilinx\kd240_som\1.0\board.xml as part xck24-ubva530-2lv-c specified in board_part file is either invalid or not available
WARNING: [Board 49-26] cannot add Board Part xilinx.com:kd240_som:part0:1.1 available at C:/AMDDesignTools/2025.2/data/xhub/boards\XilinxBoardStore\boards\Xilinx\kd240_som\1.1\board.xml as part xck24-ubva530-2lv-c specified in board_part file is either invalid or not available
WARNING: [Board 49-26] cannot add Board Part xilinx.com:kr260_som:part0:1.0 available at C:/AMDDesignTools/2025.2/data/xhub/boards\XilinxBoardStore\boards\Xilinx\kr260_som\1.0\board.xml as part xck26-sfvc784-2lv-c specified in board_part file is either invalid or not available
WARNING: [Board 49-26] cannot add Board Part xilinx.com:kr260_som:part0:1.1 available at C:/AMDDesignTools/2025.2/data/xhub/boards\XilinxBoardStore\boards\Xilinx\kr260_som\1.1\board.xml as part xck26-sfvc784-2lv-c specified in board_part file is either invalid or not available
WARNING: [Board 49-26] cannot add Board Part xilinx.com:kv260_som:part0:1.2 available at C:/AMDDesignTools/2025.2/data/xhub/boards\XilinxBoardStore\boards\Xilinx\kv260_som\1.2\board.xml as part xck26-sfvc784-2lv-c specified in board_part file is either invalid or not available
WARNING: [Board 49-26] cannot add Board Part xilinx.com:kv260_som:part0:1.3 available at C:/AMDDesignTools/2025.2/data/xhub/boards\XilinxBoardStore\boards\Xilinx\kv260_som\1.3\board.xml as part xck26-sfvc784-2lv-c specified in board_part file is either invalid or not available
WARNING: [Board 49-26] cannot add Board Part xilinx.com:kv260_som:part0:1.4 available at C:/AMDDesignTools/2025.2/data/xhub/boards\XilinxBoardStore\boards\Xilinx\kv260_som\1.4\board.xml as part xck26-sfvc784-2lv-c specified in board_part file is either invalid or not available
WARNING: [Board 49-26] cannot add Board Part xilinx.com:scu35:part0:1.0 available at C:/AMDDesignTools/2025.2/data/xhub/boards\XilinxBoardStore\boards\Xilinx\scu35\1.0\board.xml as part xcsu35p-sbvb625-2-e specified in board_part file is either invalid or not available
WARNING: [Board 49-26] cannot add Board Part xilinx.com:v80:part0:1.0 available at C:/AMDDesignTools/2025.2/data/xhub/boards\XilinxBoardStore\boards\Xilinx\v80\1.0\board.xml as part xcv80-lsva4737-2mhp-e-s specified in board_part file is either invalid or not available
WARNING: [Board 49-26] cannot add Board Part xilinx.com:vck190:part0:2.2 available at C:/AMDDesignTools/2025.2/data/xhub/boards\XilinxBoardStore\boards\Xilinx\vck190\production\2.2\board.xml as part xcvc1902-vsva2197-2mp-e-s specified in board_part file is either invalid or not available
WARNING: [Board 49-26] cannot add Board Part xilinx.com:vck190:part0:3.0 available at C:/AMDDesignTools/2025.2/data/xhub/boards\XilinxBoardStore\boards\Xilinx\vck190\production\3.0\board.xml as part xcvc1902-vsva2197-2mp-e-s specified in board_part file is either invalid or not available
WARNING: [Board 49-26] cannot add Board Part xilinx.com:vck190:part0:3.1 available at C:/AMDDesignTools/2025.2/data/xhub/boards\XilinxBoardStore\boards\Xilinx\vck190\production\3.1\board.xml as part xcvc1902-vsva2197-2mp-e-s specified in board_part file is either invalid or not available
WARNING: [Board 49-26] cannot add Board Part xilinx.com:vck190:part0:3.2 available at C:/AMDDesignTools/2025.2/data/xhub/boards\XilinxBoardStore\boards\Xilinx\vck190\production\3.2\board.xml as part xcvc1902-vsva2197-2mp-e-s specified in board_part file is either invalid or not available
WARNING: [Board 49-26] cannot add Board Part xilinx.com:vck190:part0:3.3 available at C:/AMDDesignTools/2025.2/data/xhub/boards\XilinxBoardStore\boards\Xilinx\vck190\production\3.3\board.xml as part xcvc1902-vsva2197-2mp-e-s specified in board_part file is either invalid or not available
WARNING: [Board 49-26] cannot add Board Part xilinx.com:vck190:part0:3.4 available at C:/AMDDesignTools/2025.2/data/xhub/boards\XilinxBoardStore\boards\Xilinx\vck190\production\3.4\board.xml as part xcvc1902-vsva2197-2mp-e-s specified in board_part file is either invalid or not available
WARNING: [Board 49-26] cannot add Board Part xilinx.com:vck190_newl:part0:1.0 available at C:/AMDDesignTools/2025.2/data/xhub/boards\XilinxBoardStore\boards\Xilinx\vck190_newl\production\1.0\board.xml as part xcvc1902-vsva2197-2mp-e-s specified in board_part file is either invalid or not available
WARNING: [Board 49-26] cannot add Board Part xilinx.com:vck190_newl:part0:1.1 available at C:/AMDDesignTools/2025.2/data/xhub/boards\XilinxBoardStore\boards\Xilinx\vck190_newl\production\1.1\board.xml as part xcvc1902-vsva2197-2mp-e-s specified in board_part file is either invalid or not available
WARNING: [Board 49-26] cannot add Board Part xilinx.com:vck190_newl:part0:1.2 available at C:/AMDDesignTools/2025.2/data/xhub/boards\XilinxBoardStore\boards\Xilinx\vck190_newl\production\1.2\board.xml as part xcvc1902-vsva2197-2mp-e-s specified in board_part file is either invalid or not available
WARNING: [Board 49-26] cannot add Board Part xilinx.com:vck190_newl:part0:1.3 available at C:/AMDDesignTools/2025.2/data/xhub/boards\XilinxBoardStore\boards\Xilinx\vck190_newl\production\1.3\board.xml as part xcvc1902-vsva2197-2mp-e-s specified in board_part file is either invalid or not available
WARNING: [Board 49-26] cannot add Board Part xilinx.com:vcu108:part0:1.6 available at C:/AMDDesignTools/2025.2/data/xhub/boards\XilinxBoardStore\boards\Xilinx\vcu108\1.6\board.xml as part xcvu095-ffva2104-2-e specified in board_part file is either invalid or not available
WARNING: [Board 49-26] cannot add Board Part xilinx.com:vcu108:part0:1.7 available at C:/AMDDesignTools/2025.2/data/xhub/boards\XilinxBoardStore\boards\Xilinx\vcu108\1.7\board.xml as part xcvu095-ffva2104-2-e specified in board_part file is either invalid or not available
WARNING: [Board 49-26] cannot add Board Part xilinx.com:vcu110:part0:1.4 available at C:/AMDDesignTools/2025.2/data/xhub/boards\XilinxBoardStore\boards\Xilinx\vcu110\1.4\board.xml as part xcvu190-flgc2104-2-e specified in board_part file is either invalid or not available
WARNING: [Board 49-26] cannot add Board Part xilinx.com:vcu118:part0:2.0 available at C:/AMDDesignTools/2025.2/data/xhub/boards\XilinxBoardStore\boards\Xilinx\vcu118\2.0\board.xml as part xcvu9p-flga2104-2l-e specified in board_part file is either invalid or not available
WARNING: [Board 49-26] cannot add Board Part xilinx.com:vcu118:part0:2.3 available at C:/AMDDesignTools/2025.2/data/xhub/boards\XilinxBoardStore\boards\Xilinx\vcu118\2.3\board.xml as part xcvu9p-flga2104-2l-e specified in board_part file is either invalid or not available
WARNING: [Board 49-26] cannot add Board Part xilinx.com:vcu118:part0:2.4 available at C:/AMDDesignTools/2025.2/data/xhub/boards\XilinxBoardStore\boards\Xilinx\vcu118\2.4\board.xml as part xcvu9p-flga2104-2l-e specified in board_part file is either invalid or not available
WARNING: [Board 49-26] cannot add Board Part xilinx.com:vcu128:part0:1.0 available at C:/AMDDesignTools/2025.2/data/xhub/boards\XilinxBoardStore\boards\Xilinx\vcu128\production\1.0\board.xml as part xcvu37p-fsvh2892-2l-e specified in board_part file is either invalid or not available
WARNING: [Board 49-26] cannot add Board Part xilinx.com:vcu129:part0:1.0 available at C:/AMDDesignTools/2025.2/data/xhub/boards\XilinxBoardStore\boards\Xilinx\vcu129\production\1.0\board.xml as part xcvu29p-fsga2577-2l-e specified in board_part file is either invalid or not available
WARNING: [Board 49-26] cannot add Board Part xilinx.com:vcu1525:part0:1.3 available at C:/AMDDesignTools/2025.2/data/xhub/boards\XilinxBoardStore\boards\Xilinx\vcu1525\1.3\board.xml as part xcvu9p-fsgd2104-2l-e specified in board_part file is either invalid or not available
WARNING: [Board 49-26] cannot add Board Part xilinx.com:vek280:part0:1.0 available at C:/AMDDesignTools/2025.2/data/xhub/boards\XilinxBoardStore\boards\Xilinx\vek280\production\1.0\board.xml as part xcve2802-vsvh1760-2mp-e-s specified in board_part file is either invalid or not available
WARNING: [Board 49-26] cannot add Board Part xilinx.com:vek280:part0:1.1 available at C:/AMDDesignTools/2025.2/data/xhub/boards\XilinxBoardStore\boards\Xilinx\vek280\production\1.1\board.xml as part xcve2802-vsvh1760-2mp-e-s specified in board_part file is either invalid or not available
WARNING: [Board 49-26] cannot add Board Part xilinx.com:vek280:part0:1.2 available at C:/AMDDesignTools/2025.2/data/xhub/boards\XilinxBoardStore\boards\Xilinx\vek280\production\1.2\board.xml as part xcve2802-vsvh1760-2mp-e-s specified in board_part file is either invalid or not available
WARNING: [Board 49-26] cannot add Board Part xilinx.com:vek385:part0:1.0 available at C:/AMDDesignTools/2025.2/data/xhub/boards\XilinxBoardStore\boards\Xilinx\vek385\1.0\board.xml as part xc2ve3858-ssva2112-2mp-e-s specified in board_part file is either invalid or not available
WARNING: [Board 49-26] cannot add Board Part xilinx.com:vek385:part0:1.1 available at C:/AMDDesignTools/2025.2/data/xhub/boards\XilinxBoardStore\boards\Xilinx\vek385\1.1\board.xml as part xc2ve3858-ssva2112-2mp-e-s specified in board_part file is either invalid or not available
WARNING: [Board 49-26] cannot add Board Part xilinx.com:vek385_1:part0:1.0 available at C:/AMDDesignTools/2025.2/data/xhub/boards\XilinxBoardStore\boards\Xilinx\vek385_2\1.0\board.xml as part xc2ve3858-ssva2112-2mp-e-s specified in board_part file is either invalid or not available
WARNING: [Board 49-26] cannot add Board Part xilinx.com:vermeo_t1_mpsoc:part0:1.0 available at C:/AMDDesignTools/2025.2/data/xhub/boards\XilinxBoardStore\boards\Xilinx\vermeo_t1_mpsoc\1.0\board.xml as part xczu19eg-ffvd1760-2l-e specified in board_part file is either invalid or not available
WARNING: [Board 49-26] cannot add Board Part xilinx.com:vermeo_t1_rfsoc:part0:1.0 available at C:/AMDDesignTools/2025.2/data/xhub/boards\XilinxBoardStore\boards\Xilinx\vermeo_t1_rfsoc\1.0\board.xml as part xczu21dr-ffvd1156-2l-e specified in board_part file is either invalid or not available
WARNING: [Board 49-26] cannot add Board Part xilinx.com:vhk158:part0:1.0 available at C:/AMDDesignTools/2025.2/data/xhub/boards\XilinxBoardStore\boards\Xilinx\vhk158\production\1.0\board.xml as part xcvh1582-vsva3697-2mp-e-s specified in board_part file is either invalid or not available
WARNING: [Board 49-26] cannot add Board Part xilinx.com:vhk158:part0:1.1 available at C:/AMDDesignTools/2025.2/data/xhub/boards\XilinxBoardStore\boards\Xilinx\vhk158\production\1.1\board.xml as part xcvh1582-vsva3697-2mp-e-s specified in board_part file is either invalid or not available
WARNING: [Board 49-26] cannot add Board Part xilinx.com:vhk158:part0:1.2 available at C:/AMDDesignTools/2025.2/data/xhub/boards\XilinxBoardStore\boards\Xilinx\vhk158\production\1.2\board.xml as part xcvh1582-vsva3697-2mp-e-s specified in board_part file is either invalid or not available
WARNING: [Board 49-26] cannot add Board Part xilinx.com:vmk180:part0:2.2 available at C:/AMDDesignTools/2025.2/data/xhub/boards\XilinxBoardStore\boards\Xilinx\vmk180\production\2.2\board.xml as part xcvm1802-vsva2197-2mp-e-s specified in board_part file is either invalid or not available
WARNING: [Board 49-26] cannot add Board Part xilinx.com:vmk180:part0:3.0 available at C:/AMDDesignTools/2025.2/data/xhub/boards\XilinxBoardStore\boards\Xilinx\vmk180\production\3.0\board.xml as part xcvm1802-vsva2197-2mp-e-s specified in board_part file is either invalid or not available
WARNING: [Board 49-26] cannot add Board Part xilinx.com:vmk180:part0:3.1 available at C:/AMDDesignTools/2025.2/data/xhub/boards\XilinxBoardStore\boards\Xilinx\vmk180\production\3.1\board.xml as part xcvm1802-vsva2197-2mp-e-s specified in board_part file is either invalid or not available
WARNING: [Board 49-26] cannot add Board Part xilinx.com:vmk180:part0:3.2 available at C:/AMDDesignTools/2025.2/data/xhub/boards\XilinxBoardStore\boards\Xilinx\vmk180\production\3.2\board.xml as part xcvm1802-vsva2197-2mp-e-s specified in board_part file is either invalid or not available
WARNING: [Board 49-26] cannot add Board Part xilinx.com:vmk180:part0:3.3 available at C:/AMDDesignTools/2025.2/data/xhub/boards\XilinxBoardStore\boards\Xilinx\vmk180\production\3.3\board.xml as part xcvm1802-vsva2197-2mp-e-s specified in board_part file is either invalid or not available
WARNING: [Board 49-26] cannot add Board Part xilinx.com:vmk180_newl:part0:1.0 available at C:/AMDDesignTools/2025.2/data/xhub/boards\XilinxBoardStore\boards\Xilinx\vmk180_newl\production\1.0\board.xml as part xcvm1802-vsva2197-2mp-e-s specified in board_part file is either invalid or not available
WARNING: [Board 49-26] cannot add Board Part xilinx.com:vmk180_newl:part0:1.1 available at C:/AMDDesignTools/2025.2/data/xhub/boards\XilinxBoardStore\boards\Xilinx\vmk180_newl\production\1.1\board.xml as part xcvm1802-vsva2197-2mp-e-s specified in board_part file is either invalid or not available
WARNING: [Board 49-26] cannot add Board Part xilinx.com:vpk120:part0:1.0 available at C:/AMDDesignTools/2025.2/data/xhub/boards\XilinxBoardStore\boards\Xilinx\vpk120\production\1.0\board.xml as part xcvp1202-vsva2785-2mp-e-s specified in board_part file is either invalid or not available
WARNING: [Board 49-26] cannot add Board Part xilinx.com:vpk120:part0:1.1 available at C:/AMDDesignTools/2025.2/data/xhub/boards\XilinxBoardStore\boards\Xilinx\vpk120\production\1.1\board.xml as part xcvp1202-vsva2785-2mp-e-s specified in board_part file is either invalid or not available
WARNING: [Board 49-26] cannot add Board Part xilinx.com:vpk120:part0:1.2 available at C:/AMDDesignTools/2025.2/data/xhub/boards\XilinxBoardStore\boards\Xilinx\vpk120\production\1.2\board.xml as part xcvp1202-vsva2785-2mp-e-s specified in board_part file is either invalid or not available
WARNING: [Board 49-26] cannot add Board Part xilinx.com:vpk180:part0:1.0 available at C:/AMDDesignTools/2025.2/data/xhub/boards\XilinxBoardStore\boards\Xilinx\vpk180\production\1.0\board.xml as part xcvp1802-lsvc4072-2mp-e-s specified in board_part file is either invalid or not available
WARNING: [Board 49-26] cannot add Board Part xilinx.com:vpk180:part0:1.1 available at C:/AMDDesignTools/2025.2/data/xhub/boards\XilinxBoardStore\boards\Xilinx\vpk180\production\1.1\board.xml as part xcvp1802-lsvc4072-2mp-e-s specified in board_part file is either invalid or not available
WARNING: [Board 49-26] cannot add Board Part xilinx.com:vpk180:part0:1.2 available at C:/AMDDesignTools/2025.2/data/xhub/boards\XilinxBoardStore\boards\Xilinx\vpk180\production\1.2\board.xml as part xcvp1802-lsvc4072-2mp-e-s specified in board_part file is either invalid or not available
WARNING: [Board 49-26] cannot add Board Part xilinx.com:vrk160:part0:1.0 available at C:/AMDDesignTools/2025.2/data/xhub/boards\XilinxBoardStore\boards\Xilinx\vrk160\1.0\board.xml as part xcvr1602-vsva2488-2mp-e-s-es1 specified in board_part file is either invalid or not available
WARNING: [Board 49-26] cannot add Board Part xilinx.com:vrk160:part0:1.1 available at C:/AMDDesignTools/2025.2/data/xhub/boards\XilinxBoardStore\boards\Xilinx\vrk160\1.1\board.xml as part xcvr1602-vsva2488-2mp-e-s-es1 specified in board_part file is either invalid or not available
WARNING: [Board 49-26] cannot add Board Part xilinx.com:zc702:part0:1.4 available at C:/AMDDesignTools/2025.2/data/xhub/boards\XilinxBoardStore\boards\Xilinx\zc702\1.4\board.xml as part xc7z020clg484-1 specified in board_part file is either invalid or not available
WARNING: [Board 49-26] cannot add Board Part xilinx.com:zc706:part0:1.4 available at C:/AMDDesignTools/2025.2/data/xhub/boards\XilinxBoardStore\boards\Xilinx\zc706\1.4\board.xml as part xc7z045ffg900-2 specified in board_part file is either invalid or not available
WARNING: [Board 49-26] cannot add Board Part xilinx.com:zc706:part0:1.5 available at C:/AMDDesignTools/2025.2/data/xhub/boards\XilinxBoardStore\boards\Xilinx\zc706\1.5\board.xml as part xc7z045ffg900-2 specified in board_part file is either invalid or not available
WARNING: [Board 49-26] cannot add Board Part xilinx.com:zcu102:part0:3.3 available at C:/AMDDesignTools/2025.2/data/xhub/boards\XilinxBoardStore\boards\Xilinx\zcu102\3.3\board.xml as part xczu9eg-ffvb1156-2-e specified in board_part file is either invalid or not available
INFO: [filemgmt 56-3] Default IP Output Path : Could not find the directory 'C:/Users/adamsim/Documents/GitHub/DE1-waveform-gen/projekt/projekt.gen/sources_1'.
WARNING: [Board 49-26] cannot add Board Part xilinx.com:zcu102:part0:3.4 available at C:/AMDDesignTools/2025.2/data/xhub/boards\XilinxBoardStore\boards\Xilinx\zcu102\3.4\board.xml as part xczu9eg-ffvb1156-2-e specified in board_part file is either invalid or not available
WARNING: [Board 49-26] cannot add Board Part xilinx.com:zcu104:part0:1.1 available at C:/AMDDesignTools/2025.2/data/xhub/boards\XilinxBoardStore\boards\Xilinx\zcu104\1.1\board.xml as part xczu7ev-ffvc1156-2-e specified in board_part file is either invalid or not available
WARNING: [Board 49-26] cannot add Board Part xilinx.com:zcu106:part0:2.4 available at C:/AMDDesignTools/2025.2/data/xhub/boards\XilinxBoardStore\boards\Xilinx\zcu106\2.4\board.xml as part xczu7ev-ffvc1156-2-e specified in board_part file is either invalid or not available
WARNING: [Board 49-26] cannot add Board Part xilinx.com:zcu106:part0:2.5 available at C:/AMDDesignTools/2025.2/data/xhub/boards\XilinxBoardStore\boards\Xilinx\zcu106\2.5\board.xml as part xczu7ev-ffvc1156-2-e specified in board_part file is either invalid or not available
WARNING: [Board 49-26] cannot add Board Part xilinx.com:zcu106:part0:2.6 available at C:/AMDDesignTools/2025.2/data/xhub/boards\XilinxBoardStore\boards\Xilinx\zcu106\2.6\board.xml as part xczu7ev-ffvc1156-2-e specified in board_part file is either invalid or not available
WARNING: [Board 49-26] cannot add Board Part xilinx.com:zcu111:part0:1.2 available at C:/AMDDesignTools/2025.2/data/xhub/boards\XilinxBoardStore\boards\Xilinx\zcu111\1.2\board.xml as part xczu28dr-ffvg1517-2-e specified in board_part file is either invalid or not available
WARNING: [Board 49-26] cannot add Board Part xilinx.com:zcu111:part0:1.3 available at C:/AMDDesignTools/2025.2/data/xhub/boards\XilinxBoardStore\boards\Xilinx\zcu111\1.3\board.xml as part xczu28dr-ffvg1517-2-e specified in board_part file is either invalid or not available
WARNING: [Board 49-26] cannot add Board Part xilinx.com:zcu111:part0:1.4 available at C:/AMDDesignTools/2025.2/data/xhub/boards\XilinxBoardStore\boards\Xilinx\zcu111\1.4\board.xml as part xczu28dr-ffvg1517-2-e specified in board_part file is either invalid or not available
WARNING: [Board 49-26] cannot add Board Part xilinx.com:zcu1275:part0:1.0 available at C:/AMDDesignTools/2025.2/data/xhub/boards\XilinxBoardStore\boards\Xilinx\zcu1275\1.0\board.xml as part xczu29dr-ffvf1760-2-e specified in board_part file is either invalid or not available
WARNING: [Board 49-26] cannot add Board Part xilinx.com:zcu1285:part0:1.0 available at C:/AMDDesignTools/2025.2/data/xhub/boards\XilinxBoardStore\boards\Xilinx\zcu1285\1.0\board.xml as part xczu39dr-ffvf1760-2-i specified in board_part file is either invalid or not available
WARNING: [Board 49-26] cannot add Board Part xilinx.com:zcu208:part0:2.0 available at C:/AMDDesignTools/2025.2/data/xhub/boards\XilinxBoardStore\boards\Xilinx\zcu208\production\2.0\board.xml as part xczu48dr-fsvg1517-2-e specified in board_part file is either invalid or not available
WARNING: [Board 49-26] cannot add Board Part xilinx.com:zcu208ld:part0:2.0 available at C:/AMDDesignTools/2025.2/data/xhub/boards\XilinxBoardStore\boards\Xilinx\zcu208ld\production\2.0\board.xml as part xczu58dr-fsvg1517-2-i specified in board_part file is either invalid or not available
WARNING: [Board 49-26] cannot add Board Part xilinx.com:zcu216:part0:2.0 available at C:/AMDDesignTools/2025.2/data/xhub/boards\XilinxBoardStore\boards\Xilinx\zcu216\production\2.0\board.xml as part xczu49dr-ffvf1760-2-e specified in board_part file is either invalid or not available
WARNING: [Board 49-26] cannot add Board Part xilinx.com:zcu216ld:part0:2.0 available at C:/AMDDesignTools/2025.2/data/xhub/boards\XilinxBoardStore\boards\Xilinx\zcu216ld\production\2.0\board.xml as part xczu59dr-ffvf1760-2-i specified in board_part file is either invalid or not available
WARNING: [Board 49-26] cannot add Board Part xilinx.com:zcu670:part0:2.0 available at C:/AMDDesignTools/2025.2/data/xhub/boards\XilinxBoardStore\boards\Xilinx\zcu670\2.0\board.xml as part xczu67dr-fsve1156-2-i specified in board_part file is either invalid or not available
WARNING: [Board 49-26] cannot add Board Part xilinx.com:zcu670ld:part0:1.0 available at C:/AMDDesignTools/2025.2/data/xhub/boards\XilinxBoardStore\boards\Xilinx\zcu670ld\1.0\board.xml as part xczu57dr-fsve1156-2-i specified in board_part file is either invalid or not available
Scanning sources...
Finished scanning sources
WARNING: [Board 49-26] cannot add Board Part xilinx.com:emb-plus-vpr-4616:part0:1.0 available at C:/AMDDesignTools/2025.2/data/xhub/boards\XilinxBoardStore\boards\Xilinx\emb-plus-vpr-4616\1.0\board.xml as part xcve2302-sfva784-2mp-e-s specified in board_part file is either invalid or not available
WARNING: [Board 49-26] cannot add Board Part xilinx.com:emb-plus-vpr-4616:part0:1.1 available at C:/AMDDesignTools/2025.2/data/xhub/boards\XilinxBoardStore\boards\Xilinx\emb-plus-vpr-4616\1.1\board.xml as part xcve2302-sfva784-2mp-e-s specified in board_part file is either invalid or not available
WARNING: [Board 49-26] cannot add Board Part xilinx.com:k24c:part0:1.0 available at C:/AMDDesignTools/2025.2/data/xhub/boards\XilinxBoardStore\boards\Xilinx\k24c\1.0\board.xml as part xck24-ubva530-2lv-c specified in board_part file is either invalid or not available
WARNING: [Board 49-26] cannot add Board Part xilinx.com:k24c:part0:1.1 available at C:/AMDDesignTools/2025.2/data/xhub/boards\XilinxBoardStore\boards\Xilinx\k24c\1.1\board.xml as part xck24-ubva530-2lv-c specified in board_part file is either invalid or not available
WARNING: [Board 49-26] cannot add Board Part xilinx.com:k24i:part0:1.0 available at C:/AMDDesignTools/2025.2/data/xhub/boards\XilinxBoardStore\boards\Xilinx\k24i\1.0\board.xml as part xck24-ubva530-2lvi-i specified in board_part file is either invalid or not available
WARNING: [Board 49-26] cannot add Board Part xilinx.com:k26c:part0:1.2 available at C:/AMDDesignTools/2025.2/data/xhub/boards\XilinxBoardStore\boards\Xilinx\k26c\1.2\board.xml as part xck26-sfvc784-2lv-c specified in board_part file is either invalid or not available
WARNING: [Board 49-26] cannot add Board Part xilinx.com:k26c:part0:1.3 available at C:/AMDDesignTools/2025.2/data/xhub/boards\XilinxBoardStore\boards\Xilinx\k26c\1.3\board.xml as part xck26-sfvc784-2lv-c specified in board_part file is either invalid or not available
WARNING: [Board 49-26] cannot add Board Part xilinx.com:k26c:part0:1.4 available at C:/AMDDesignTools/2025.2/data/xhub/boards\XilinxBoardStore\boards\Xilinx\k26c\1.4\board.xml as part xck26-sfvc784-2lv-c specified in board_part file is either invalid or not available
WARNING: [Board 49-26] cannot add Board Part xilinx.com:k26i:part0:1.2 available at C:/AMDDesignTools/2025.2/data/xhub/boards\XilinxBoardStore\boards\Xilinx\k26i\1.2\board.xml as part xck26-sfvc784-2lvi-i specified in board_part file is either invalid or not available
WARNING: [Board 49-26] cannot add Board Part xilinx.com:k26i:part0:1.3 available at C:/AMDDesignTools/2025.2/data/xhub/boards\XilinxBoardStore\boards\Xilinx\k26i\1.3\board.xml as part xck26-sfvc784-2lvi-i specified in board_part file is either invalid or not available
INFO: [Common 17-14] Message 'Board 49-26' appears 100 times and further instances of the messages will be disabled. Use the Tcl command set_msg_config to change the current settings.
WARNING: [Project 1-5713] Board part '' set for the project  is not found. BoardPart property will be unset. Please select board from latest repo build 
INFO: [IP_Flow 19-234] Refreshing IP repositories
INFO: [IP_Flow 19-1704] No user IP repositories specified
INFO: [IP_Flow 19-2313] Loaded Vivado IP repository 'C:/AMDDesignTools/2025.2/Vivado/data/ip'.
open_project: Time (s): cpu = 00:00:17 ; elapsed = 00:00:07 . Memory (MB): peak = 1679.109 ; gain = 220.523
reset_run synth_1
INFO: [Project 1-1161] Replacing file C:/Users/adamsim/Documents/GitHub/DE1-waveform-gen/projekt/projekt.srcs/utils_1/imports/synth_1/top.dcp with file C:/Users/adamsim/Documents/GitHub/DE1-waveform-gen/projekt/projekt.runs/synth_1/top.dcp
launch_runs impl_1 -to_step write_bitstream -jobs 12
[Thu Apr 16 18:25:59 2026] Launched synth_1...
Run output will be captured here: C:/Users/adamsim/Documents/GitHub/DE1-waveform-gen/projekt/projekt.runs/synth_1/runme.log
[Thu Apr 16 18:25:59 2026] Launched impl_1...
Run output will be captured here: C:/Users/adamsim/Documents/GitHub/DE1-waveform-gen/projekt/projekt.runs/impl_1/runme.log
open_hw_manager
connect_hw_server -allow_non_jtag
INFO: [Labtools 27-2285] Connecting to hw_server url TCP:localhost:3121
INFO: [Labtools 27-2222] Launching hw_server...
INFO: [Labtools 27-2221] Launch Output:

****** Xilinx hw_server v2025.2
  **** Build date : Oct 28 2025 at 10:03:13
    ** Copyright 1986-2022 Xilinx, Inc. All Rights Reserved.


INFO: [Labtools 27-3415] Connecting to cs_server url TCP:localhost:0
INFO: [Labtools 27-3417] Launching cs_server...
INFO: [Labtools 27-2221] Launch Output:


******** Xilinx cs_server v2025.2.0
  ****** Build date   : Nov 14 2025-00:16:52
    **** Build number : 2025.2.1763075812
      ** Copyright 2017-2022 Xilinx, Inc. All Rights Reserved.
      ** Copyright 2022-2026 Advanced Micro Devices, Inc. All Rights Reserved.



connect_hw_server: Time (s): cpu = 00:00:01 ; elapsed = 00:00:10 . Memory (MB): peak = 1704.430 ; gain = 12.344
open_hw_target
INFO: [Labtoolstcl 44-466] Opening hw_target localhost:3121/xilinx_tcf/Digilent/210292AA7E20A
set_property PROGRAM.FILE {C:/Users/adamsim/Documents/GitHub/DE1-waveform-gen/projekt/projekt.runs/impl_1/top.bit} [get_hw_devices xc7a50t_0]
current_hw_device [get_hw_devices xc7a50t_0]
refresh_hw_device -update_hw_probes false [lindex [get_hw_devices xc7a50t_0] 0]
INFO: [Labtools 27-1434] Device xc7a50t (JTAG device index = 0) is programmed with a design that has no supported soft debug core(s) in it.
set_property PROBES.FILE {} [get_hw_devices xc7a50t_0]
set_property FULL_PROBES.FILE {} [get_hw_devices xc7a50t_0]
set_property PROGRAM.FILE {C:/Users/adamsim/Documents/GitHub/DE1-waveform-gen/projekt/projekt.runs/impl_1/top.bit} [get_hw_devices xc7a50t_0]
program_hw_devices [get_hw_devices xc7a50t_0]
INFO: [Labtools 27-3164] End of startup status: HIGH
refresh_hw_device [lindex [get_hw_devices xc7a50t_0] 0]
INFO: [Labtools 27-1434] Device xc7a50t (JTAG device index = 0) is programmed with a design that has no supported soft debug core(s) in it.
WARNING: [filemgmt 56-199] Attempt to get parsing info during refresh. "On-the-fly" syntax checking information may be incorrect. [C:\Users\adamsim\Documents\GitHub\DE1-waveform-gen\projekt\projekt.srcs\sources_1\new\top.vhd:]
WARNING: [filemgmt 56-199] Attempt to get parsing info during refresh. "On-the-fly" syntax checking information may be incorrect. [C:\Users\adamsim\Documents\GitHub\DE1-waveform-gen\projekt\projekt.srcs\sources_1\new\TRI_W.vhd:]
WARNING: [filemgmt 56-199] Attempt to get parsing info during refresh. "On-the-fly" syntax checking information may be incorrect. [C:\Users\adamsim\Documents\GitHub\DE1-waveform-gen\projekt\projekt.srcs\sources_1\new\MUX.vhd:]
WARNING: [filemgmt 56-199] Attempt to get parsing info during refresh. "On-the-fly" syntax checking information may be incorrect. [C:\Users\adamsim\Documents\GitHub\DE1-waveform-gen\projekt\projekt.srcs\sources_1\new\top.vhd:]
WARNING: [filemgmt 56-199] Attempt to get parsing info during refresh. "On-the-fly" syntax checking information may be incorrect. [C:\Users\adamsim\Documents\GitHub\DE1-waveform-gen\projekt\projekt.srcs\sources_1\new\top.vhd:]
ERROR: [Common 17-180] Spawn failed: Operace byla dokonèena úspìšnì.

reset_run synth_1
INFO: [Project 1-1161] Replacing file C:/Users/adamsim/Documents/GitHub/DE1-waveform-gen/projekt/projekt.srcs/utils_1/imports/synth_1/top.dcp with file C:/Users/adamsim/Documents/GitHub/DE1-waveform-gen/projekt/projekt.runs/synth_1/top.dcp
launch_runs impl_1 -to_step write_bitstream -jobs 12
[Thu Apr 16 18:31:02 2026] Launched synth_1...
Run output will be captured here: C:/Users/adamsim/Documents/GitHub/DE1-waveform-gen/projekt/projekt.runs/synth_1/runme.log
[Thu Apr 16 18:31:02 2026] Launched impl_1...
Run output will be captured here: C:/Users/adamsim/Documents/GitHub/DE1-waveform-gen/projekt/projekt.runs/impl_1/runme.log
set_property PROBES.FILE {} [get_hw_devices xc7a50t_0]
set_property FULL_PROBES.FILE {} [get_hw_devices xc7a50t_0]
set_property PROGRAM.FILE {C:/Users/adamsim/Documents/GitHub/DE1-waveform-gen/projekt/projekt.runs/impl_1/top.bit} [get_hw_devices xc7a50t_0]
program_hw_devices [get_hw_devices xc7a50t_0]
INFO: [Labtools 27-3164] End of startup status: HIGH
refresh_hw_device [lindex [get_hw_devices xc7a50t_0] 0]
INFO: [Labtools 27-1434] Device xc7a50t (JTAG device index = 0) is programmed with a design that has no supported soft debug core(s) in it.
WARNING: [filemgmt 56-199] Attempt to get parsing info during refresh. "On-the-fly" syntax checking information may be incorrect. [C:\Users\adamsim\Documents\GitHub\DE1-waveform-gen\projekt\projekt.srcs\sources_1\new\top.vhd:]
WARNING: [filemgmt 56-199] Attempt to get parsing info during refresh. "On-the-fly" syntax checking information may be incorrect. [C:\Users\adamsim\Documents\GitHub\DE1-waveform-gen\projekt\projekt.srcs\sources_1\new\parameter.vhd:]
WARNING: [filemgmt 56-199] Attempt to get parsing info during refresh. "On-the-fly" syntax checking information may be incorrect. [C:\Users\adamsim\Documents\GitHub\DE1-waveform-gen\projekt\projekt.srcs\sources_1\new\debounce.vhd:]
WARNING: [filemgmt 56-199] Attempt to get parsing info during refresh. "On-the-fly" syntax checking information may be incorrect. [C:\Users\adamsim\Documents\GitHub\DE1-waveform-gen\projekt\projekt.srcs\sources_1\new\TRI_W.vhd:]
WARNING: [filemgmt 56-199] Attempt to get parsing info during refresh. "On-the-fly" syntax checking information may be incorrect. [C:\Users\adamsim\Documents\GitHub\DE1-waveform-gen\projekt\projekt.srcs\sources_1\new\MUX.vhd:]
WARNING: [filemgmt 56-199] Attempt to get parsing info during refresh. "On-the-fly" syntax checking information may be incorrect. [C:\Users\adamsim\Documents\GitHub\DE1-waveform-gen\projekt\projekt.srcs\sources_1\new\dislplay_driver.vhd:]
WARNING: [filemgmt 56-199] Attempt to get parsing info during refresh. "On-the-fly" syntax checking information may be incorrect. [C:\Users\adamsim\Documents\GitHub\DE1-waveform-gen\projekt\projekt.srcs\sim_1\new\parameter_tb.vhd:]
WARNING: [filemgmt 56-199] Attempt to get parsing info during refresh. "On-the-fly" syntax checking information may be incorrect. [C:\Users\adamsim\Documents\GitHub\DE1-waveform-gen\projekt\projekt.srcs\sources_1\new\MUX.vhd:]
WARNING: [filemgmt 56-199] Attempt to get parsing info during refresh. "On-the-fly" syntax checking information may be incorrect. [C:\Users\adamsim\Documents\GitHub\DE1-waveform-gen\projekt\projekt.srcs\sources_1\new\MUX.vhd:]
WARNING: [filemgmt 56-199] Attempt to get parsing info during refresh. "On-the-fly" syntax checking information may be incorrect. [C:\Users\adamsim\Documents\GitHub\DE1-waveform-gen\projekt\projekt.srcs\sources_1\new\top.vhd:]
WARNING: [filemgmt 56-199] Attempt to get parsing info during refresh. "On-the-fly" syntax checking information may be incorrect. [C:\Users\adamsim\Documents\GitHub\DE1-waveform-gen\projekt\projekt.srcs\sources_1\new\parameter.vhd:]
WARNING: [filemgmt 56-199] Attempt to get parsing info during refresh. "On-the-fly" syntax checking information may be incorrect. [C:\Users\adamsim\Documents\GitHub\DE1-waveform-gen\projekt\projekt.srcs\sources_1\new\debounce.vhd:]
WARNING: [filemgmt 56-199] Attempt to get parsing info during refresh. "On-the-fly" syntax checking information may be incorrect. [C:\Users\adamsim\Documents\GitHub\DE1-waveform-gen\projekt\projekt.srcs\sources_1\new\TRI_W.vhd:]
WARNING: [filemgmt 56-199] Attempt to get parsing info during refresh. "On-the-fly" syntax checking information may be incorrect. [C:\Users\adamsim\Documents\GitHub\DE1-waveform-gen\projekt\projekt.srcs\sources_1\new\MUX.vhd:]
WARNING: [filemgmt 56-199] Attempt to get parsing info during refresh. "On-the-fly" syntax checking information may be incorrect. [C:\Users\adamsim\Documents\GitHub\DE1-waveform-gen\projekt\projekt.srcs\sources_1\new\dislplay_driver.vhd:]
WARNING: [filemgmt 56-199] Attempt to get parsing info during refresh. "On-the-fly" syntax checking information may be incorrect. [C:\Users\adamsim\Documents\GitHub\DE1-waveform-gen\projekt\projekt.srcs\sim_1\new\parameter_tb.vhd:]
WARNING: [filemgmt 56-199] Attempt to get parsing info during refresh. "On-the-fly" syntax checking information may be incorrect. [C:\Users\adamsim\Documents\GitHub\DE1-waveform-gen\projekt\projekt.srcs\sources_1\new\debounce.vhd:]
WARNING: [filemgmt 56-199] Attempt to get parsing info during refresh. "On-the-fly" syntax checking information may be incorrect. [C:\Users\adamsim\Documents\GitHub\DE1-waveform-gen\projekt\projekt.srcs\sources_1\new\debounce.vhd:]
WARNING: [filemgmt 56-199] Attempt to get parsing info during refresh. "On-the-fly" syntax checking information may be incorrect. [C:\Users\adamsim\Documents\GitHub\DE1-waveform-gen\projekt\projekt.srcs\sources_1\new\top.vhd:]
WARNING: [filemgmt 56-199] Attempt to get parsing info during refresh. "On-the-fly" syntax checking information may be incorrect. [C:\Users\adamsim\Documents\GitHub\DE1-waveform-gen\projekt\projekt.srcs\sources_1\new\parameter.vhd:]
WARNING: [filemgmt 56-199] Attempt to get parsing info during refresh. "On-the-fly" syntax checking information may be incorrect. [C:\Users\adamsim\Documents\GitHub\DE1-waveform-gen\projekt\projekt.srcs\sources_1\new\debounce.vhd:]
WARNING: [filemgmt 56-199] Attempt to get parsing info during refresh. "On-the-fly" syntax checking information may be incorrect. [C:\Users\adamsim\Documents\GitHub\DE1-waveform-gen\projekt\projekt.srcs\sources_1\new\TRI_W.vhd:]
WARNING: [filemgmt 56-199] Attempt to get parsing info during refresh. "On-the-fly" syntax checking information may be incorrect. [C:\Users\adamsim\Documents\GitHub\DE1-waveform-gen\projekt\projekt.srcs\sources_1\new\MUX.vhd:]
WARNING: [filemgmt 56-199] Attempt to get parsing info during refresh. "On-the-fly" syntax checking information may be incorrect. [C:\Users\adamsim\Documents\GitHub\DE1-waveform-gen\projekt\projekt.srcs\sources_1\new\dislplay_driver.vhd:]
WARNING: [filemgmt 56-199] Attempt to get parsing info during refresh. "On-the-fly" syntax checking information may be incorrect. [C:\Users\adamsim\Documents\GitHub\DE1-waveform-gen\projekt\projekt.srcs\sim_1\new\parameter_tb.vhd:]
WARNING: [filemgmt 56-199] Attempt to get parsing info during refresh. "On-the-fly" syntax checking information may be incorrect. [C:\Users\adamsim\Documents\GitHub\DE1-waveform-gen\projekt\projekt.srcs\sources_1\new\dislplay_driver.vhd:]
WARNING: [filemgmt 56-199] Attempt to get parsing info during refresh. "On-the-fly" syntax checking information may be incorrect. [C:\Users\adamsim\Documents\GitHub\DE1-waveform-gen\projekt\projekt.srcs\sources_1\new\dislplay_driver.vhd:]
WARNING: [filemgmt 56-199] Attempt to get parsing info during refresh. "On-the-fly" syntax checking information may be incorrect. [C:\Users\adamsim\Documents\GitHub\DE1-waveform-gen\projekt\projekt.srcs\sources_1\new\top.vhd:]
WARNING: [filemgmt 56-199] Attempt to get parsing info during refresh. "On-the-fly" syntax checking information may be incorrect. [C:\Users\adamsim\Documents\GitHub\DE1-waveform-gen\projekt\projekt.srcs\sources_1\new\parameter.vhd:]
WARNING: [filemgmt 56-199] Attempt to get parsing info during refresh. "On-the-fly" syntax checking information may be incorrect. [C:\Users\adamsim\Documents\GitHub\DE1-waveform-gen\projekt\projekt.srcs\sources_1\new\debounce.vhd:]
WARNING: [filemgmt 56-199] Attempt to get parsing info during refresh. "On-the-fly" syntax checking information may be incorrect. [C:\Users\adamsim\Documents\GitHub\DE1-waveform-gen\projekt\projekt.srcs\sources_1\new\TRI_W.vhd:]
WARNING: [filemgmt 56-199] Attempt to get parsing info during refresh. "On-the-fly" syntax checking information may be incorrect. [C:\Users\adamsim\Documents\GitHub\DE1-waveform-gen\projekt\projekt.srcs\sources_1\new\MUX.vhd:]
WARNING: [filemgmt 56-199] Attempt to get parsing info during refresh. "On-the-fly" syntax checking information may be incorrect. [C:\Users\adamsim\Documents\GitHub\DE1-waveform-gen\projekt\projekt.srcs\sources_1\new\dislplay_driver.vhd:]
WARNING: [filemgmt 56-199] Attempt to get parsing info during refresh. "On-the-fly" syntax checking information may be incorrect. [C:\Users\adamsim\Documents\GitHub\DE1-waveform-gen\projekt\projekt.srcs\sim_1\new\parameter_tb.vhd:]
WARNING: [filemgmt 56-199] Attempt to get parsing info during refresh. "On-the-fly" syntax checking information may be incorrect. [C:\Users\adamsim\Documents\GitHub\DE1-waveform-gen\projekt\projekt.srcs\sources_1\new\parameter.vhd:]
WARNING: [filemgmt 56-199] Attempt to get parsing info during refresh. "On-the-fly" syntax checking information may be incorrect. [C:\Users\adamsim\Documents\GitHub\DE1-waveform-gen\projekt\projekt.srcs\sources_1\new\parameter.vhd:]
ERROR: [Common 17-180] Spawn failed: Operace byla dokonèena úspìšnì.

WARNING: [filemgmt 56-199] Attempt to get parsing info during refresh. "On-the-fly" syntax checking information may be incorrect. [C:\Users\adamsim\Documents\GitHub\DE1-waveform-gen\projekt\projekt.srcs\sources_1\new\top.vhd:]
WARNING: [filemgmt 56-199] Attempt to get parsing info during refresh. "On-the-fly" syntax checking information may be incorrect. [C:\Users\adamsim\Documents\GitHub\DE1-waveform-gen\projekt\projekt.srcs\sources_1\new\parameter.vhd:]
WARNING: [filemgmt 56-199] Attempt to get parsing info during refresh. "On-the-fly" syntax checking information may be incorrect. [C:\Users\adamsim\Documents\GitHub\DE1-waveform-gen\projekt\projekt.srcs\sources_1\new\debounce.vhd:]
WARNING: [filemgmt 56-199] Attempt to get parsing info during refresh. "On-the-fly" syntax checking information may be incorrect. [C:\Users\adamsim\Documents\GitHub\DE1-waveform-gen\projekt\projekt.srcs\sources_1\new\TRI_W.vhd:]
WARNING: [filemgmt 56-199] Attempt to get parsing info during refresh. "On-the-fly" syntax checking information may be incorrect. [C:\Users\adamsim\Documents\GitHub\DE1-waveform-gen\projekt\projekt.srcs\sources_1\new\MUX.vhd:]
WARNING: [filemgmt 56-199] Attempt to get parsing info during refresh. "On-the-fly" syntax checking information may be incorrect. [C:\Users\adamsim\Documents\GitHub\DE1-waveform-gen\projekt\projekt.srcs\sources_1\new\dislplay_driver.vhd:]
WARNING: [filemgmt 56-199] Attempt to get parsing info during refresh. "On-the-fly" syntax checking information may be incorrect. [C:\Users\adamsim\Documents\GitHub\DE1-waveform-gen\projekt\projekt.srcs\sim_1\new\parameter_tb.vhd:]
WARNING: [filemgmt 56-199] Attempt to get parsing info during refresh. "On-the-fly" syntax checking information may be incorrect. [C:\Users\adamsim\Documents\GitHub\DE1-waveform-gen\projekt\projekt.srcs\sources_1\new\top.vhd:]
WARNING: [filemgmt 56-199] Attempt to get parsing info during refresh. "On-the-fly" syntax checking information may be incorrect. [C:\Users\adamsim\Documents\GitHub\DE1-waveform-gen\projekt\projekt.srcs\sources_1\new\top.vhd:]
reset_run synth_1
INFO: [Project 1-1161] Replacing file C:/Users/adamsim/Documents/GitHub/DE1-waveform-gen/projekt/projekt.srcs/utils_1/imports/synth_1/top.dcp with file C:/Users/adamsim/Documents/GitHub/DE1-waveform-gen/projekt/projekt.runs/synth_1/top.dcp
WARNING: [filemgmt 56-199] Attempt to get parsing info during refresh. "On-the-fly" syntax checking information may be incorrect. [C:\Users\adamsim\Documents\GitHub\DE1-waveform-gen\projekt\projekt.srcs\sources_1\new\top.vhd:]
WARNING: [filemgmt 56-199] Attempt to get parsing info during refresh. "On-the-fly" syntax checking information may be incorrect. [C:\Users\adamsim\Documents\GitHub\DE1-waveform-gen\projekt\projekt.srcs\sources_1\new\parameter.vhd:]
WARNING: [filemgmt 56-199] Attempt to get parsing info during refresh. "On-the-fly" syntax checking information may be incorrect. [C:\Users\adamsim\Documents\GitHub\DE1-waveform-gen\projekt\projekt.srcs\sources_1\new\debounce.vhd:]
WARNING: [filemgmt 56-199] Attempt to get parsing info during refresh. "On-the-fly" syntax checking information may be incorrect. [C:\Users\adamsim\Documents\GitHub\DE1-waveform-gen\projekt\projekt.srcs\sources_1\new\TRI_W.vhd:]
WARNING: [filemgmt 56-199] Attempt to get parsing info during refresh. "On-the-fly" syntax checking information may be incorrect. [C:\Users\adamsim\Documents\GitHub\DE1-waveform-gen\projekt\projekt.srcs\sources_1\new\MUX.vhd:]
WARNING: [filemgmt 56-199] Attempt to get parsing info during refresh. "On-the-fly" syntax checking information may be incorrect. [C:\Users\adamsim\Documents\GitHub\DE1-waveform-gen\projekt\projekt.srcs\sources_1\new\dislplay_driver.vhd:]
WARNING: [filemgmt 56-199] Attempt to get parsing info during refresh. "On-the-fly" syntax checking information may be incorrect. [C:\Users\adamsim\Documents\GitHub\DE1-waveform-gen\projekt\projekt.srcs\sim_1\new\parameter_tb.vhd:]
WARNING: [filemgmt 56-199] Attempt to get parsing info during refresh. "On-the-fly" syntax checking information may be incorrect. [C:\Users\adamsim\Documents\GitHub\DE1-waveform-gen\projekt\projekt.srcs\sources_1\new\TRI_W.vhd:]
WARNING: [filemgmt 56-199] Attempt to get parsing info during refresh. "On-the-fly" syntax checking information may be incorrect. [C:\Users\adamsim\Documents\GitHub\DE1-waveform-gen\projekt\projekt.srcs\sources_1\new\TRI_W.vhd:]
WARNING: [filemgmt 56-199] Attempt to get parsing info during refresh. "On-the-fly" syntax checking information may be incorrect. [C:\Users\adamsim\Documents\GitHub\DE1-waveform-gen\projekt\projekt.srcs\sources_1\new\top.vhd:]
WARNING: [filemgmt 56-199] Attempt to get parsing info during refresh. "On-the-fly" syntax checking information may be incorrect. [C:\Users\adamsim\Documents\GitHub\DE1-waveform-gen\projekt\projekt.srcs\sources_1\new\parameter.vhd:]
WARNING: [filemgmt 56-199] Attempt to get parsing info during refresh. "On-the-fly" syntax checking information may be incorrect. [C:\Users\adamsim\Documents\GitHub\DE1-waveform-gen\projekt\projekt.srcs\sources_1\new\debounce.vhd:]
WARNING: [filemgmt 56-199] Attempt to get parsing info during refresh. "On-the-fly" syntax checking information may be incorrect. [C:\Users\adamsim\Documents\GitHub\DE1-waveform-gen\projekt\projekt.srcs\sources_1\new\TRI_W.vhd:]
WARNING: [filemgmt 56-199] Attempt to get parsing info during refresh. "On-the-fly" syntax checking information may be incorrect. [C:\Users\adamsim\Documents\GitHub\DE1-waveform-gen\projekt\projekt.srcs\sources_1\new\MUX.vhd:]
WARNING: [filemgmt 56-199] Attempt to get parsing info during refresh. "On-the-fly" syntax checking information may be incorrect. [C:\Users\adamsim\Documents\GitHub\DE1-waveform-gen\projekt\projekt.srcs\sources_1\new\dislplay_driver.vhd:]
WARNING: [filemgmt 56-199] Attempt to get parsing info during refresh. "On-the-fly" syntax checking information may be incorrect. [C:\Users\adamsim\Documents\GitHub\DE1-waveform-gen\projekt\projekt.srcs\sim_1\new\parameter_tb.vhd:]
WARNING: [filemgmt 56-199] Attempt to get parsing info during refresh. "On-the-fly" syntax checking information may be incorrect. [C:\Users\adamsim\Documents\GitHub\DE1-waveform-gen\projekt\projekt.srcs\sources_1\new\top.vhd:]
WARNING: [filemgmt 56-199] Attempt to get parsing info during refresh. "On-the-fly" syntax checking information may be incorrect. [C:\Users\adamsim\Documents\GitHub\DE1-waveform-gen\projekt\projekt.srcs\sources_1\new\top.vhd:]
WARNING: [filemgmt 56-199] Attempt to get parsing info during refresh. "On-the-fly" syntax checking information may be incorrect. [C:\Users\adamsim\Documents\GitHub\DE1-waveform-gen\projekt\projekt.srcs\sources_1\new\top.vhd:]
WARNING: [filemgmt 56-199] Attempt to get parsing info during refresh. "On-the-fly" syntax checking information may be incorrect. [C:\Users\adamsim\Documents\GitHub\DE1-waveform-gen\projekt\projekt.srcs\sources_1\new\parameter.vhd:]
WARNING: [filemgmt 56-199] Attempt to get parsing info during refresh. "On-the-fly" syntax checking information may be incorrect. [C:\Users\adamsim\Documents\GitHub\DE1-waveform-gen\projekt\projekt.srcs\sources_1\new\debounce.vhd:]
WARNING: [filemgmt 56-199] Attempt to get parsing info during refresh. "On-the-fly" syntax checking information may be incorrect. [C:\Users\adamsim\Documents\GitHub\DE1-waveform-gen\projekt\projekt.srcs\sources_1\new\TRI_W.vhd:]
WARNING: [filemgmt 56-199] Attempt to get parsing info during refresh. "On-the-fly" syntax checking information may be incorrect. [C:\Users\adamsim\Documents\GitHub\DE1-waveform-gen\projekt\projekt.srcs\sources_1\new\MUX.vhd:]
WARNING: [filemgmt 56-199] Attempt to get parsing info during refresh. "On-the-fly" syntax checking information may be incorrect. [C:\Users\adamsim\Documents\GitHub\DE1-waveform-gen\projekt\projekt.srcs\sources_1\new\dislplay_driver.vhd:]
WARNING: [filemgmt 56-199] Attempt to get parsing info during refresh. "On-the-fly" syntax checking information may be incorrect. [C:\Users\adamsim\Documents\GitHub\DE1-waveform-gen\projekt\projekt.srcs\sim_1\new\parameter_tb.vhd:]
WARNING: [filemgmt 56-199] Attempt to get parsing info during refresh. "On-the-fly" syntax checking information may be incorrect. [C:\Users\adamsim\Documents\GitHub\DE1-waveform-gen\projekt\projekt.srcs\sources_1\new\dislplay_driver.vhd:]
WARNING: [filemgmt 56-199] Attempt to get parsing info during refresh. "On-the-fly" syntax checking information may be incorrect. [C:\Users\adamsim\Documents\GitHub\DE1-waveform-gen\projekt\projekt.srcs\sources_1\new\dislplay_driver.vhd:]
WARNING: [filemgmt 56-199] Attempt to get parsing info during refresh. "On-the-fly" syntax checking information may be incorrect. [C:\Users\adamsim\Documents\GitHub\DE1-waveform-gen\projekt\projekt.srcs\sources_1\new\top.vhd:]
WARNING: [filemgmt 56-199] Attempt to get parsing info during refresh. "On-the-fly" syntax checking information may be incorrect. [C:\Users\adamsim\Documents\GitHub\DE1-waveform-gen\projekt\projekt.srcs\sources_1\new\parameter.vhd:]
WARNING: [filemgmt 56-199] Attempt to get parsing info during refresh. "On-the-fly" syntax checking information may be incorrect. [C:\Users\adamsim\Documents\GitHub\DE1-waveform-gen\projekt\projekt.srcs\sources_1\new\debounce.vhd:]
WARNING: [filemgmt 56-199] Attempt to get parsing info during refresh. "On-the-fly" syntax checking information may be incorrect. [C:\Users\adamsim\Documents\GitHub\DE1-waveform-gen\projekt\projekt.srcs\sources_1\new\TRI_W.vhd:]
WARNING: [filemgmt 56-199] Attempt to get parsing info during refresh. "On-the-fly" syntax checking information may be incorrect. [C:\Users\adamsim\Documents\GitHub\DE1-waveform-gen\projekt\projekt.srcs\sources_1\new\MUX.vhd:]
WARNING: [filemgmt 56-199] Attempt to get parsing info during refresh. "On-the-fly" syntax checking information may be incorrect. [C:\Users\adamsim\Documents\GitHub\DE1-waveform-gen\projekt\projekt.srcs\sources_1\new\dislplay_driver.vhd:]
WARNING: [filemgmt 56-199] Attempt to get parsing info during refresh. "On-the-fly" syntax checking information may be incorrect. [C:\Users\adamsim\Documents\GitHub\DE1-waveform-gen\projekt\projekt.srcs\sim_1\new\parameter_tb.vhd:]
WARNING: [filemgmt 56-199] Attempt to get parsing info during refresh. "On-the-fly" syntax checking information may be incorrect. [C:\Users\adamsim\Documents\GitHub\DE1-waveform-gen\projekt\projekt.srcs\sources_1\new\MUX.vhd:]
WARNING: [filemgmt 56-199] Attempt to get parsing info during refresh. "On-the-fly" syntax checking information may be incorrect. [C:\Users\adamsim\Documents\GitHub\DE1-waveform-gen\projekt\projekt.srcs\sources_1\new\MUX.vhd:]
WARNING: [filemgmt 56-199] Attempt to get parsing info during refresh. "On-the-fly" syntax checking information may be incorrect. [C:\Users\adamsim\Documents\GitHub\DE1-waveform-gen\projekt\projekt.srcs\sources_1\new\top.vhd:]
WARNING: [filemgmt 56-199] Attempt to get parsing info during refresh. "On-the-fly" syntax checking information may be incorrect. [C:\Users\adamsim\Documents\GitHub\DE1-waveform-gen\projekt\projekt.srcs\sources_1\new\parameter.vhd:]
WARNING: [filemgmt 56-199] Attempt to get parsing info during refresh. "On-the-fly" syntax checking information may be incorrect. [C:\Users\adamsim\Documents\GitHub\DE1-waveform-gen\projekt\projekt.srcs\sources_1\new\debounce.vhd:]
WARNING: [filemgmt 56-199] Attempt to get parsing info during refresh. "On-the-fly" syntax checking information may be incorrect. [C:\Users\adamsim\Documents\GitHub\DE1-waveform-gen\projekt\projekt.srcs\sources_1\new\TRI_W.vhd:]
WARNING: [filemgmt 56-199] Attempt to get parsing info during refresh. "On-the-fly" syntax checking information may be incorrect. [C:\Users\adamsim\Documents\GitHub\DE1-waveform-gen\projekt\projekt.srcs\sources_1\new\MUX.vhd:]
WARNING: [filemgmt 56-199] Attempt to get parsing info during refresh. "On-the-fly" syntax checking information may be incorrect. [C:\Users\adamsim\Documents\GitHub\DE1-waveform-gen\projekt\projekt.srcs\sources_1\new\dislplay_driver.vhd:]
WARNING: [filemgmt 56-199] Attempt to get parsing info during refresh. "On-the-fly" syntax checking information may be incorrect. [C:\Users\adamsim\Documents\GitHub\DE1-waveform-gen\projekt\projekt.srcs\sim_1\new\parameter_tb.vhd:]
WARNING: [filemgmt 56-199] Attempt to get parsing info during refresh. "On-the-fly" syntax checking information may be incorrect. [C:\Users\adamsim\Documents\GitHub\DE1-waveform-gen\projekt\projekt.srcs\sources_1\new\debounce.vhd:]
WARNING: [filemgmt 56-199] Attempt to get parsing info during refresh. "On-the-fly" syntax checking information may be incorrect. [C:\Users\adamsim\Documents\GitHub\DE1-waveform-gen\projekt\projekt.srcs\sources_1\new\debounce.vhd:]
WARNING: [filemgmt 56-199] Attempt to get parsing info during refresh. "On-the-fly" syntax checking information may be incorrect. [C:\Users\adamsim\Documents\GitHub\DE1-waveform-gen\projekt\projekt.srcs\sources_1\new\top.vhd:]
WARNING: [filemgmt 56-199] Attempt to get parsing info during refresh. "On-the-fly" syntax checking information may be incorrect. [C:\Users\adamsim\Documents\GitHub\DE1-waveform-gen\projekt\projekt.srcs\sources_1\new\parameter.vhd:]
WARNING: [filemgmt 56-199] Attempt to get parsing info during refresh. "On-the-fly" syntax checking information may be incorrect. [C:\Users\adamsim\Documents\GitHub\DE1-waveform-gen\projekt\projekt.srcs\sources_1\new\debounce.vhd:]
WARNING: [filemgmt 56-199] Attempt to get parsing info during refresh. "On-the-fly" syntax checking information may be incorrect. [C:\Users\adamsim\Documents\GitHub\DE1-waveform-gen\projekt\projekt.srcs\sources_1\new\TRI_W.vhd:]
WARNING: [filemgmt 56-199] Attempt to get parsing info during refresh. "On-the-fly" syntax checking information may be incorrect. [C:\Users\adamsim\Documents\GitHub\DE1-waveform-gen\projekt\projekt.srcs\sources_1\new\MUX.vhd:]
WARNING: [filemgmt 56-199] Attempt to get parsing info during refresh. "On-the-fly" syntax checking information may be incorrect. [C:\Users\adamsim\Documents\GitHub\DE1-waveform-gen\projekt\projekt.srcs\sources_1\new\dislplay_driver.vhd:]
WARNING: [filemgmt 56-199] Attempt to get parsing info during refresh. "On-the-fly" syntax checking information may be incorrect. [C:\Users\adamsim\Documents\GitHub\DE1-waveform-gen\projekt\projekt.srcs\sim_1\new\parameter_tb.vhd:]
WARNING: [filemgmt 56-199] Attempt to get parsing info during refresh. "On-the-fly" syntax checking information may be incorrect. [C:\Users\adamsim\Documents\GitHub\DE1-waveform-gen\projekt\projekt.srcs\sources_1\new\parameter.vhd:]
WARNING: [filemgmt 56-199] Attempt to get parsing info during refresh. "On-the-fly" syntax checking information may be incorrect. [C:\Users\adamsim\Documents\GitHub\DE1-waveform-gen\projekt\projekt.srcs\sources_1\new\parameter.vhd:]
launch_runs impl_1 -to_step write_bitstream -jobs 12
[Thu Apr 16 18:44:07 2026] Launched synth_1...
Run output will be captured here: C:/Users/adamsim/Documents/GitHub/DE1-waveform-gen/projekt/projekt.runs/synth_1/runme.log
[Thu Apr 16 18:44:07 2026] Launched impl_1...
Run output will be captured here: C:/Users/adamsim/Documents/GitHub/DE1-waveform-gen/projekt/projekt.runs/impl_1/runme.log
ERROR: [Common 17-180] Spawn failed: Operace byla dokonèena úspìšnì.

WARNING: [filemgmt 56-199] Attempt to get parsing info during refresh. "On-the-fly" syntax checking information may be incorrect. [C:\Users\adamsim\Documents\GitHub\DE1-waveform-gen\projekt\projekt.srcs\sources_1\new\top.vhd:]
INFO: [Common 17-14] Message 'filemgmt 56-199' appears 100 times and further instances of the messages will be disabled. Use the Tcl command set_msg_config to change the current settings.
synth_design -top top -part xc7a50ticsg324-1L -lint 
Command: synth_design -top top -part xc7a50ticsg324-1L -lint
Starting synth_design
Attempting to get a license for feature 'Synthesis' and/or device 'xc7a50ti'
INFO: [Common 17-349] Got license for feature 'Synthesis' and/or device 'xc7a50ti'
INFO: [Synth 8-7079] Multithreading enabled for synth_design using a maximum of 2 processes.
INFO: [Synth 8-7078] Launching helper process for spawning children vivado processes
INFO: [Synth 8-7075] Helper process launched with PID 14740
---------------------------------------------------------------------------------
Starting Synthesize : Time (s): cpu = 00:00:09 ; elapsed = 00:00:08 . Memory (MB): peak = 2303.402 ; gain = 517.707
---------------------------------------------------------------------------------
Clean up Linter database...
INFO: [Synth 8-638] synthesizing module 'top' [C:/Users/adamsim/Documents/GitHub/DE1-waveform-gen/projekt/projekt.srcs/sources_1/new/top.vhd:49]
INFO: [Synth 8-3491] module 'parameter' declared at 'C:/Users/adamsim/Documents/GitHub/DE1-waveform-gen/projekt/projekt.srcs/sources_1/new/parameter.vhd:36' bound to instance 'PARAMETER_0' of component 'parameter' [C:/Users/adamsim/Documents/GitHub/DE1-waveform-gen/projekt/projekt.srcs/sources_1/new/top.vhd:162]
INFO: [Synth 8-638] synthesizing module '\parameter ' [C:/Users/adamsim/Documents/GitHub/DE1-waveform-gen/projekt/projekt.srcs/sources_1/new/parameter.vhd:55]
INFO: [Synth 8-256] done synthesizing module '\parameter ' (1#1) [C:/Users/adamsim/Documents/GitHub/DE1-waveform-gen/projekt/projekt.srcs/sources_1/new/parameter.vhd:55]
INFO: [Synth 8-3491] module 'debounce' declared at 'C:/Users/adamsim/Documents/GitHub/DE1-waveform-gen/projekt/projekt.srcs/sources_1/new/debounce.vhd:27' bound to instance 'DB_UP' of component 'debounce' [C:/Users/adamsim/Documents/GitHub/DE1-waveform-gen/projekt/projekt.srcs/sources_1/new/top.vhd:184]
INFO: [Synth 8-638] synthesizing module 'debounce' [C:/Users/adamsim/Documents/GitHub/DE1-waveform-gen/projekt/projekt.srcs/sources_1/new/debounce.vhd:39]
	Parameter G_MAX bound to: 200000 - type: integer 
INFO: [Synth 8-3491] module 'clk_en' declared at 'C:/Users/adamsim/Documents/GitHub/DE1-waveform-gen/projekt/projekt.srcs/sources_1/new/clk_en.vhd:21' bound to instance 'clock_0' of component 'clk_en' [C:/Users/adamsim/Documents/GitHub/DE1-waveform-gen/projekt/projekt.srcs/sources_1/new/debounce.vhd:84]
INFO: [Synth 8-638] synthesizing module 'clk_en' [C:/Users/adamsim/Documents/GitHub/DE1-waveform-gen/projekt/projekt.srcs/sources_1/new/clk_en.vhd:32]
	Parameter G_MAX bound to: 200000 - type: integer 
INFO: [Synth 8-256] done synthesizing module 'clk_en' (2#1) [C:/Users/adamsim/Documents/GitHub/DE1-waveform-gen/projekt/projekt.srcs/sources_1/new/clk_en.vhd:32]
	Parameter G_MAX bound to: 2500000 - type: integer 
INFO: [Synth 8-3491] module 'clk_en' declared at 'C:/Users/adamsim/Documents/GitHub/DE1-waveform-gen/projekt/projekt.srcs/sources_1/new/clk_en.vhd:21' bound to instance 'clock_repeat' of component 'clk_en' [C:/Users/adamsim/Documents/GitHub/DE1-waveform-gen/projekt/projekt.srcs/sources_1/new/debounce.vhd:98]
INFO: [Synth 8-638] synthesizing module 'clk_en__parameterized1' [C:/Users/adamsim/Documents/GitHub/DE1-waveform-gen/projekt/projekt.srcs/sources_1/new/clk_en.vhd:32]
	Parameter G_MAX bound to: 2500000 - type: integer 
INFO: [Synth 8-256] done synthesizing module 'clk_en__parameterized1' (2#1) [C:/Users/adamsim/Documents/GitHub/DE1-waveform-gen/projekt/projekt.srcs/sources_1/new/clk_en.vhd:32]
INFO: [Synth 8-256] done synthesizing module 'debounce' (3#1) [C:/Users/adamsim/Documents/GitHub/DE1-waveform-gen/projekt/projekt.srcs/sources_1/new/debounce.vhd:39]
INFO: [Synth 8-3491] module 'debounce' declared at 'C:/Users/adamsim/Documents/GitHub/DE1-waveform-gen/projekt/projekt.srcs/sources_1/new/debounce.vhd:27' bound to instance 'DB_DOWN' of component 'debounce' [C:/Users/adamsim/Documents/GitHub/DE1-waveform-gen/projekt/projekt.srcs/sources_1/new/top.vhd:195]
INFO: [Synth 8-3491] module 'debounce' declared at 'C:/Users/adamsim/Documents/GitHub/DE1-waveform-gen/projekt/projekt.srcs/sources_1/new/debounce.vhd:27' bound to instance 'DB_LEFT' of component 'debounce' [C:/Users/adamsim/Documents/GitHub/DE1-waveform-gen/projekt/projekt.srcs/sources_1/new/top.vhd:206]
INFO: [Synth 8-3491] module 'debounce' declared at 'C:/Users/adamsim/Documents/GitHub/DE1-waveform-gen/projekt/projekt.srcs/sources_1/new/debounce.vhd:27' bound to instance 'DB_RIGHT' of component 'debounce' [C:/Users/adamsim/Documents/GitHub/DE1-waveform-gen/projekt/projekt.srcs/sources_1/new/top.vhd:217]
INFO: [Synth 8-3491] module 'FreqToPhase' declared at 'C:/Users/adamsim/Documents/GitHub/DE1-waveform-gen/projekt/projekt.srcs/sources_1/new/FreqToPhase.vhd:34' bound to instance 'FREQ_TO_PHASE0' of component 'FreqToPhase' [C:/Users/adamsim/Documents/GitHub/DE1-waveform-gen/projekt/projekt.srcs/sources_1/new/top.vhd:230]
INFO: [Synth 8-638] synthesizing module 'FreqToPhase' [C:/Users/adamsim/Documents/GitHub/DE1-waveform-gen/projekt/projekt.srcs/sources_1/new/FreqToPhase.vhd:43]
INFO: [Synth 8-256] done synthesizing module 'FreqToPhase' (4#1) [C:/Users/adamsim/Documents/GitHub/DE1-waveform-gen/projekt/projekt.srcs/sources_1/new/FreqToPhase.vhd:43]
INFO: [Synth 8-3491] module 'SIN_W' declared at 'C:/Users/adamsim/Documents/GitHub/DE1-waveform-gen/projekt/projekt.srcs/sources_1/new/SIN_W.vhd:5' bound to instance 'SIN_W_0' of component 'SIN_W' [C:/Users/adamsim/Documents/GitHub/DE1-waveform-gen/projekt/projekt.srcs/sources_1/new/top.vhd:238]
INFO: [Synth 8-638] synthesizing module 'SIN_W' [C:/Users/adamsim/Documents/GitHub/DE1-waveform-gen/projekt/projekt.srcs/sources_1/new/SIN_W.vhd:12]
INFO: [Synth 8-256] done synthesizing module 'SIN_W' (5#1) [C:/Users/adamsim/Documents/GitHub/DE1-waveform-gen/projekt/projekt.srcs/sources_1/new/SIN_W.vhd:12]
INFO: [Synth 8-3491] module 'SAW_W' declared at 'C:/Users/adamsim/Documents/GitHub/DE1-waveform-gen/projekt/projekt.srcs/sources_1/new/SAW_W.vhd:34' bound to instance 'SAW_W_0' of component 'SAW_W' [C:/Users/adamsim/Documents/GitHub/DE1-waveform-gen/projekt/projekt.srcs/sources_1/new/top.vhd:244]
INFO: [Synth 8-638] synthesizing module 'SAW_W' [C:/Users/adamsim/Documents/GitHub/DE1-waveform-gen/projekt/projekt.srcs/sources_1/new/SAW_W.vhd:39]
INFO: [Synth 8-256] done synthesizing module 'SAW_W' (6#1) [C:/Users/adamsim/Documents/GitHub/DE1-waveform-gen/projekt/projekt.srcs/sources_1/new/SAW_W.vhd:39]
INFO: [Synth 8-3491] module 'TRI_W' declared at 'C:/Users/adamsim/Documents/GitHub/DE1-waveform-gen/projekt/projekt.srcs/sources_1/new/TRI_W.vhd:35' bound to instance 'TRI_W_0' of component 'TRI_W' [C:/Users/adamsim/Documents/GitHub/DE1-waveform-gen/projekt/projekt.srcs/sources_1/new/top.vhd:250]
INFO: [Synth 8-638] synthesizing module 'TRI_W' [C:/Users/adamsim/Documents/GitHub/DE1-waveform-gen/projekt/projekt.srcs/sources_1/new/TRI_W.vhd:40]
INFO: [Synth 8-256] done synthesizing module 'TRI_W' (7#1) [C:/Users/adamsim/Documents/GitHub/DE1-waveform-gen/projekt/projekt.srcs/sources_1/new/TRI_W.vhd:40]
INFO: [Synth 8-3491] module 'SQR_W' declared at 'C:/Users/adamsim/Documents/GitHub/DE1-waveform-gen/projekt/projekt.srcs/sources_1/new/SQR_W.vhd:34' bound to instance 'SQR_W_0' of component 'SQR_W' [C:/Users/adamsim/Documents/GitHub/DE1-waveform-gen/projekt/projekt.srcs/sources_1/new/top.vhd:256]
INFO: [Synth 8-638] synthesizing module 'SQR_W' [C:/Users/adamsim/Documents/GitHub/DE1-waveform-gen/projekt/projekt.srcs/sources_1/new/SQR_W.vhd:39]
INFO: [Synth 8-256] done synthesizing module 'SQR_W' (8#1) [C:/Users/adamsim/Documents/GitHub/DE1-waveform-gen/projekt/projekt.srcs/sources_1/new/SQR_W.vhd:39]
INFO: [Synth 8-3491] module 'MUX' declared at 'C:/Users/adamsim/Documents/GitHub/DE1-waveform-gen/projekt/projekt.srcs/sources_1/new/MUX.vhd:34' bound to instance 'MUX_0' of component 'MUX' [C:/Users/adamsim/Documents/GitHub/DE1-waveform-gen/projekt/projekt.srcs/sources_1/new/top.vhd:265]
INFO: [Synth 8-638] synthesizing module 'MUX' [C:/Users/adamsim/Documents/GitHub/DE1-waveform-gen/projekt/projekt.srcs/sources_1/new/MUX.vhd:43]
INFO: [Synth 8-256] done synthesizing module 'MUX' (9#1) [C:/Users/adamsim/Documents/GitHub/DE1-waveform-gen/projekt/projekt.srcs/sources_1/new/MUX.vhd:43]
INFO: [Synth 8-3491] module 'PWM' declared at 'C:/Users/adamsim/Documents/GitHub/DE1-waveform-gen/projekt/projekt.srcs/sources_1/new/PWM.vhd:34' bound to instance 'PWM_0' of component 'PWM' [C:/Users/adamsim/Documents/GitHub/DE1-waveform-gen/projekt/projekt.srcs/sources_1/new/top.vhd:275]
INFO: [Synth 8-638] synthesizing module 'PWM' [C:/Users/adamsim/Documents/GitHub/DE1-waveform-gen/projekt/projekt.srcs/sources_1/new/PWM.vhd:41]
INFO: [Synth 8-256] done synthesizing module 'PWM' (10#1) [C:/Users/adamsim/Documents/GitHub/DE1-waveform-gen/projekt/projekt.srcs/sources_1/new/PWM.vhd:41]
INFO: [Synth 8-3491] module 'display_driver' declared at 'C:/Users/adamsim/Documents/GitHub/DE1-waveform-gen/projekt/projekt.srcs/sources_1/new/dislplay_driver.vhd:19' bound to instance 'DISPLAY_DRIVER_0' of component 'display_driver' [C:/Users/adamsim/Documents/GitHub/DE1-waveform-gen/projekt/projekt.srcs/sources_1/new/top.vhd:288]
INFO: [Synth 8-638] synthesizing module 'display_driver' [C:/Users/adamsim/Documents/GitHub/DE1-waveform-gen/projekt/projekt.srcs/sources_1/new/dislplay_driver.vhd:30]
	Parameter G_MAX bound to: 125000 - type: integer 
INFO: [Synth 8-3491] module 'clk_en' declared at 'C:/Users/adamsim/Documents/GitHub/DE1-waveform-gen/projekt/projekt.srcs/sources_1/new/clk_en.vhd:21' bound to instance 'clock_0' of component 'clk_en' [C:/Users/adamsim/Documents/GitHub/DE1-waveform-gen/projekt/projekt.srcs/sources_1/new/dislplay_driver.vhd:74]
INFO: [Synth 8-638] synthesizing module 'clk_en__parameterized3' [C:/Users/adamsim/Documents/GitHub/DE1-waveform-gen/projekt/projekt.srcs/sources_1/new/clk_en.vhd:32]
	Parameter G_MAX bound to: 125000 - type: integer 
INFO: [Synth 8-256] done synthesizing module 'clk_en__parameterized3' (10#1) [C:/Users/adamsim/Documents/GitHub/DE1-waveform-gen/projekt/projekt.srcs/sources_1/new/clk_en.vhd:32]
	Parameter G_MAX bound to: 50000000 - type: integer 
INFO: [Synth 8-3491] module 'clk_en' declared at 'C:/Users/adamsim/Documents/GitHub/DE1-waveform-gen/projekt/projekt.srcs/sources_1/new/clk_en.vhd:21' bound to instance 'clock_1' of component 'clk_en' [C:/Users/adamsim/Documents/GitHub/DE1-waveform-gen/projekt/projekt.srcs/sources_1/new/dislplay_driver.vhd:86]
INFO: [Synth 8-638] synthesizing module 'clk_en__parameterized5' [C:/Users/adamsim/Documents/GitHub/DE1-waveform-gen/projekt/projekt.srcs/sources_1/new/clk_en.vhd:32]
	Parameter G_MAX bound to: 50000000 - type: integer 
INFO: [Synth 8-256] done synthesizing module 'clk_en__parameterized5' (10#1) [C:/Users/adamsim/Documents/GitHub/DE1-waveform-gen/projekt/projekt.srcs/sources_1/new/clk_en.vhd:32]
	Parameter G_BITS bound to: 3 - type: integer 
INFO: [Synth 8-3491] module 'counter' declared at 'C:/Users/adamsim/Documents/GitHub/DE1-waveform-gen/projekt/projekt.srcs/sources_1/new/counter.vhd:26' bound to instance 'counter_0' of component 'counter' [C:/Users/adamsim/Documents/GitHub/DE1-waveform-gen/projekt/projekt.srcs/sources_1/new/dislplay_driver.vhd:97]
INFO: [Synth 8-638] synthesizing module 'counter' [C:/Users/adamsim/Documents/GitHub/DE1-waveform-gen/projekt/projekt.srcs/sources_1/new/counter.vhd:38]
	Parameter G_BITS bound to: 3 - type: integer 
INFO: [Synth 8-256] done synthesizing module 'counter' (11#1) [C:/Users/adamsim/Documents/GitHub/DE1-waveform-gen/projekt/projekt.srcs/sources_1/new/counter.vhd:38]
	Parameter G_BITS bound to: 1 - type: integer 
INFO: [Synth 8-3491] module 'counter' declared at 'C:/Users/adamsim/Documents/GitHub/DE1-waveform-gen/projekt/projekt.srcs/sources_1/new/counter.vhd:26' bound to instance 'counter_1' of component 'counter' [C:/Users/adamsim/Documents/GitHub/DE1-waveform-gen/projekt/projekt.srcs/sources_1/new/dislplay_driver.vhd:110]
INFO: [Synth 8-638] synthesizing module 'counter__parameterized1' [C:/Users/adamsim/Documents/GitHub/DE1-waveform-gen/projekt/projekt.srcs/sources_1/new/counter.vhd:38]
	Parameter G_BITS bound to: 1 - type: integer 
INFO: [Synth 8-256] done synthesizing module 'counter__parameterized1' (11#1) [C:/Users/adamsim/Documents/GitHub/DE1-waveform-gen/projekt/projekt.srcs/sources_1/new/counter.vhd:38]
INFO: [Synth 8-3491] module 'bin2seg' declared at 'C:/Users/adamsim/Documents/GitHub/DE1-waveform-gen/projekt/projekt.srcs/sources_1/new/bin2seg.vhd:23' bound to instance 'decoder_0' of component 'bin2seg' [C:/Users/adamsim/Documents/GitHub/DE1-waveform-gen/projekt/projekt.srcs/sources_1/new/dislplay_driver.vhd:150]
INFO: [Synth 8-638] synthesizing module 'bin2seg' [C:/Users/adamsim/Documents/GitHub/DE1-waveform-gen/projekt/projekt.srcs/sources_1/new/bin2seg.vhd:32]
INFO: [Synth 8-226] default block is never used [C:/Users/adamsim/Documents/GitHub/DE1-waveform-gen/projekt/projekt.srcs/sources_1/new/bin2seg.vhd:42]
INFO: [Synth 8-256] done synthesizing module 'bin2seg' (12#1) [C:/Users/adamsim/Documents/GitHub/DE1-waveform-gen/projekt/projekt.srcs/sources_1/new/bin2seg.vhd:32]
INFO: [Synth 8-256] done synthesizing module 'display_driver' (13#1) [C:/Users/adamsim/Documents/GitHub/DE1-waveform-gen/projekt/projekt.srcs/sources_1/new/dislplay_driver.vhd:30]
INFO: [Synth 8-256] done synthesizing module 'top' (14#1) [C:/Users/adamsim/Documents/GitHub/DE1-waveform-gen/projekt/projekt.srcs/sources_1/new/top.vhd:49]
---------------------------------------------------------------------------------
Finished Synthesize : Time (s): cpu = 00:00:12 ; elapsed = 00:00:11 . Memory (MB): peak = 2427.184 ; gain = 641.488
---------------------------------------------------------------------------------
Copyright 1986-2022 Xilinx, Inc. All Rights Reserved. Copyright 2022-2025 Advanced Micro Devices, Inc. All Rights Reserved.
---------------------------------------------------------------------------------------------------------------------------------------------
| Tool Version : Vivado v.2025.2 (win64) Build 6299465 Fri Nov 14 19:35:11 GMT 2025
| Date         : Thu Apr 16 18:50:31 2026
| Host         : DESKTOP-LH20376 running 64-bit major release  (build 9200)
---------------------------------------------------------------------------------------------------------------------------------------------

RTL Linter Report

Table of Contents
-----------------
1. Summary

1. Summary
----------

+-----------+----------+--------------+----------+
| Rule ID   | Severity | # Violations | # Waived |
+-----------+----------+--------------+----------+
| ASSIGN-10 | WARNING  | 2            | 0        |
+-----------+----------+--------------+----------+


WARNING: [Synth 37-125] [ASSIGN-10]Some bits in IO 'phase' are not read. First unread bit index is 0. 
RTL Name 'phase', Hierarchy 'SQR_W', File 'SQR_W.vhd', Line 35.
WARNING: [Synth 37-125] [ASSIGN-10]Some bits in IO 'sw' are not read. First unread bit index is 1. 
RTL Name 'sw', Hierarchy 'top', File 'top.vhd', Line 41.
INFO: [Synth 37-85] Total of 2 linter message(s) generated.
INFO: [Synth 37-45] Linter Run Finished!
Synthesis Optimization Runtime : Time (s): cpu = 00:00:12 ; elapsed = 00:00:11 . Memory (MB): peak = 2427.184 ; gain = 641.488
INFO: [Common 17-83] Releasing license: Synthesis
64 Infos, 2 Warnings, 0 Critical Warnings and 0 Errors encountered.
synth_design completed successfully
synth_design: Time (s): cpu = 00:00:12 ; elapsed = 00:00:11 . Memory (MB): peak = 2427.184 ; gain = 641.488
reset_run synth_1
INFO: [Project 1-1161] Replacing file C:/Users/adamsim/Documents/GitHub/DE1-waveform-gen/projekt/projekt.srcs/utils_1/imports/synth_1/top.dcp with file C:/Users/adamsim/Documents/GitHub/DE1-waveform-gen/projekt/projekt.runs/synth_1/top.dcp
launch_runs impl_1 -to_step write_bitstream -jobs 12
WARNING: [filemgmt 56-199] Attempt to get parsing info during refresh. "On-the-fly" syntax checking information may be incorrect. [C:\Users\adamsim\Documents\GitHub\DE1-waveform-gen\projekt\projekt.srcs\sources_1\new\top.vhd:]
WARNING: [filemgmt 56-199] Attempt to get parsing info during refresh. "On-the-fly" syntax checking information may be incorrect. [C:\Users\adamsim\Documents\GitHub\DE1-waveform-gen\projekt\projekt.srcs\sources_1\new\parameter.vhd:]
WARNING: [filemgmt 56-199] Attempt to get parsing info during refresh. "On-the-fly" syntax checking information may be incorrect. [C:\Users\adamsim\Documents\GitHub\DE1-waveform-gen\projekt\projekt.srcs\sources_1\new\debounce.vhd:]
WARNING: [filemgmt 56-199] Attempt to get parsing info during refresh. "On-the-fly" syntax checking information may be incorrect. [C:\Users\adamsim\Documents\GitHub\DE1-waveform-gen\projekt\projekt.srcs\sources_1\new\TRI_W.vhd:]
WARNING: [filemgmt 56-199] Attempt to get parsing info during refresh. "On-the-fly" syntax checking information may be incorrect. [C:\Users\adamsim\Documents\GitHub\DE1-waveform-gen\projekt\projekt.srcs\sources_1\new\MUX.vhd:]
WARNING: [filemgmt 56-199] Attempt to get parsing info during refresh. "On-the-fly" syntax checking information may be incorrect. [C:\Users\adamsim\Documents\GitHub\DE1-waveform-gen\projekt\projekt.srcs\sources_1\new\dislplay_driver.vhd:]
WARNING: [filemgmt 56-199] Attempt to get parsing info during refresh. "On-the-fly" syntax checking information may be incorrect. [C:\Users\adamsim\Documents\GitHub\DE1-waveform-gen\projekt\projekt.srcs\sim_1\new\parameter_tb.vhd:]
WARNING: [filemgmt 56-199] Attempt to get parsing info during refresh. "On-the-fly" syntax checking information may be incorrect. [C:\Users\adamsim\Documents\GitHub\DE1-waveform-gen\projekt\projekt.srcs\sources_1\new\TRI_W.vhd:]
WARNING: [filemgmt 56-199] Attempt to get parsing info during refresh. "On-the-fly" syntax checking information may be incorrect. [C:\Users\adamsim\Documents\GitHub\DE1-waveform-gen\projekt\projekt.srcs\sources_1\new\TRI_W.vhd:]
WARNING: [filemgmt 56-199] Attempt to get parsing info during refresh. "On-the-fly" syntax checking information may be incorrect. [C:\Users\adamsim\Documents\GitHub\DE1-waveform-gen\projekt\projekt.srcs\sources_1\new\top.vhd:]
WARNING: [filemgmt 56-199] Attempt to get parsing info during refresh. "On-the-fly" syntax checking information may be incorrect. [C:\Users\adamsim\Documents\GitHub\DE1-waveform-gen\projekt\projekt.srcs\sources_1\new\parameter.vhd:]
WARNING: [filemgmt 56-199] Attempt to get parsing info during refresh. "On-the-fly" syntax checking information may be incorrect. [C:\Users\adamsim\Documents\GitHub\DE1-waveform-gen\projekt\projekt.srcs\sources_1\new\debounce.vhd:]
WARNING: [filemgmt 56-199] Attempt to get parsing info during refresh. "On-the-fly" syntax checking information may be incorrect. [C:\Users\adamsim\Documents\GitHub\DE1-waveform-gen\projekt\projekt.srcs\sources_1\new\TRI_W.vhd:]
WARNING: [filemgmt 56-199] Attempt to get parsing info during refresh. "On-the-fly" syntax checking information may be incorrect. [C:\Users\adamsim\Documents\GitHub\DE1-waveform-gen\projekt\projekt.srcs\sources_1\new\MUX.vhd:]
WARNING: [filemgmt 56-199] Attempt to get parsing info during refresh. "On-the-fly" syntax checking information may be incorrect. [C:\Users\adamsim\Documents\GitHub\DE1-waveform-gen\projekt\projekt.srcs\sources_1\new\dislplay_driver.vhd:]
WARNING: [filemgmt 56-199] Attempt to get parsing info during refresh. "On-the-fly" syntax checking information may be incorrect. [C:\Users\adamsim\Documents\GitHub\DE1-waveform-gen\projekt\projekt.srcs\sim_1\new\parameter_tb.vhd:]
WARNING: [filemgmt 56-199] Attempt to get parsing info during refresh. "On-the-fly" syntax checking information may be incorrect. [C:\Users\adamsim\Documents\GitHub\DE1-waveform-gen\projekt\projekt.srcs\sources_1\new\top.vhd:]
WARNING: [filemgmt 56-199] Attempt to get parsing info during refresh. "On-the-fly" syntax checking information may be incorrect. [C:\Users\adamsim\Documents\GitHub\DE1-waveform-gen\projekt\projekt.srcs\sources_1\new\top.vhd:]
WARNING: [filemgmt 56-199] Attempt to get parsing info during refresh. "On-the-fly" syntax checking information may be incorrect. [C:\Users\adamsim\Documents\GitHub\DE1-waveform-gen\projekt\projekt.srcs\sources_1\new\top.vhd:]
WARNING: [filemgmt 56-199] Attempt to get parsing info during refresh. "On-the-fly" syntax checking information may be incorrect. [C:\Users\adamsim\Documents\GitHub\DE1-waveform-gen\projekt\projekt.srcs\sources_1\new\parameter.vhd:]
WARNING: [filemgmt 56-199] Attempt to get parsing info during refresh. "On-the-fly" syntax checking information may be incorrect. [C:\Users\adamsim\Documents\GitHub\DE1-waveform-gen\projekt\projekt.srcs\sources_1\new\debounce.vhd:]
WARNING: [filemgmt 56-199] Attempt to get parsing info during refresh. "On-the-fly" syntax checking information may be incorrect. [C:\Users\adamsim\Documents\GitHub\DE1-waveform-gen\projekt\projekt.srcs\sources_1\new\TRI_W.vhd:]
WARNING: [filemgmt 56-199] Attempt to get parsing info during refresh. "On-the-fly" syntax checking information may be incorrect. [C:\Users\adamsim\Documents\GitHub\DE1-waveform-gen\projekt\projekt.srcs\sources_1\new\MUX.vhd:]
WARNING: [filemgmt 56-199] Attempt to get parsing info during refresh. "On-the-fly" syntax checking information may be incorrect. [C:\Users\adamsim\Documents\GitHub\DE1-waveform-gen\projekt\projekt.srcs\sources_1\new\dislplay_driver.vhd:]
WARNING: [filemgmt 56-199] Attempt to get parsing info during refresh. "On-the-fly" syntax checking information may be incorrect. [C:\Users\adamsim\Documents\GitHub\DE1-waveform-gen\projekt\projekt.srcs\sim_1\new\parameter_tb.vhd:]
WARNING: [filemgmt 56-199] Attempt to get parsing info during refresh. "On-the-fly" syntax checking information may be incorrect. [C:\Users\adamsim\Documents\GitHub\DE1-waveform-gen\projekt\projekt.srcs\sources_1\new\MUX.vhd:]
WARNING: [filemgmt 56-199] Attempt to get parsing info during refresh. "On-the-fly" syntax checking information may be incorrect. [C:\Users\adamsim\Documents\GitHub\DE1-waveform-gen\projekt\projekt.srcs\sources_1\new\MUX.vhd:]
WARNING: [filemgmt 56-199] Attempt to get parsing info during refresh. "On-the-fly" syntax checking information may be incorrect. [C:\Users\adamsim\Documents\GitHub\DE1-waveform-gen\projekt\projekt.srcs\sources_1\new\top.vhd:]
WARNING: [filemgmt 56-199] Attempt to get parsing info during refresh. "On-the-fly" syntax checking information may be incorrect. [C:\Users\adamsim\Documents\GitHub\DE1-waveform-gen\projekt\projekt.srcs\sources_1\new\parameter.vhd:]
WARNING: [filemgmt 56-199] Attempt to get parsing info during refresh. "On-the-fly" syntax checking information may be incorrect. [C:\Users\adamsim\Documents\GitHub\DE1-waveform-gen\projekt\projekt.srcs\sources_1\new\debounce.vhd:]
WARNING: [filemgmt 56-199] Attempt to get parsing info during refresh. "On-the-fly" syntax checking information may be incorrect. [C:\Users\adamsim\Documents\GitHub\DE1-waveform-gen\projekt\projekt.srcs\sources_1\new\TRI_W.vhd:]
WARNING: [filemgmt 56-199] Attempt to get parsing info during refresh. "On-the-fly" syntax checking information may be incorrect. [C:\Users\adamsim\Documents\GitHub\DE1-waveform-gen\projekt\projekt.srcs\sources_1\new\MUX.vhd:]
WARNING: [filemgmt 56-199] Attempt to get parsing info during refresh. "On-the-fly" syntax checking information may be incorrect. [C:\Users\adamsim\Documents\GitHub\DE1-waveform-gen\projekt\projekt.srcs\sources_1\new\dislplay_driver.vhd:]
WARNING: [filemgmt 56-199] Attempt to get parsing info during refresh. "On-the-fly" syntax checking information may be incorrect. [C:\Users\adamsim\Documents\GitHub\DE1-waveform-gen\projekt\projekt.srcs\sim_1\new\parameter_tb.vhd:]
WARNING: [filemgmt 56-199] Attempt to get parsing info during refresh. "On-the-fly" syntax checking information may be incorrect. [C:\Users\adamsim\Documents\GitHub\DE1-waveform-gen\projekt\projekt.srcs\sources_1\new\dislplay_driver.vhd:]
WARNING: [filemgmt 56-199] Attempt to get parsing info during refresh. "On-the-fly" syntax checking information may be incorrect. [C:\Users\adamsim\Documents\GitHub\DE1-waveform-gen\projekt\projekt.srcs\sources_1\new\dislplay_driver.vhd:]
[Thu Apr 16 18:50:49 2026] Launched synth_1...
Run output will be captured here: C:/Users/adamsim/Documents/GitHub/DE1-waveform-gen/projekt/projekt.runs/synth_1/runme.log
[Thu Apr 16 18:50:49 2026] Launched impl_1...
Run output will be captured here: C:/Users/adamsim/Documents/GitHub/DE1-waveform-gen/projekt/projekt.runs/impl_1/runme.log
WARNING: [filemgmt 56-199] Attempt to get parsing info during refresh. "On-the-fly" syntax checking information may be incorrect. [C:\Users\adamsim\Documents\GitHub\DE1-waveform-gen\projekt\projekt.srcs\sources_1\new\top.vhd:]
WARNING: [filemgmt 56-199] Attempt to get parsing info during refresh. "On-the-fly" syntax checking information may be incorrect. [C:\Users\adamsim\Documents\GitHub\DE1-waveform-gen\projekt\projekt.srcs\sources_1\new\parameter.vhd:]
WARNING: [filemgmt 56-199] Attempt to get parsing info during refresh. "On-the-fly" syntax checking information may be incorrect. [C:\Users\adamsim\Documents\GitHub\DE1-waveform-gen\projekt\projekt.srcs\sources_1\new\debounce.vhd:]
WARNING: [filemgmt 56-199] Attempt to get parsing info during refresh. "On-the-fly" syntax checking information may be incorrect. [C:\Users\adamsim\Documents\GitHub\DE1-waveform-gen\projekt\projekt.srcs\sources_1\new\TRI_W.vhd:]
WARNING: [filemgmt 56-199] Attempt to get parsing info during refresh. "On-the-fly" syntax checking information may be incorrect. [C:\Users\adamsim\Documents\GitHub\DE1-waveform-gen\projekt\projekt.srcs\sources_1\new\MUX.vhd:]
WARNING: [filemgmt 56-199] Attempt to get parsing info during refresh. "On-the-fly" syntax checking information may be incorrect. [C:\Users\adamsim\Documents\GitHub\DE1-waveform-gen\projekt\projekt.srcs\sources_1\new\dislplay_driver.vhd:]
WARNING: [filemgmt 56-199] Attempt to get parsing info during refresh. "On-the-fly" syntax checking information may be incorrect. [C:\Users\adamsim\Documents\GitHub\DE1-waveform-gen\projekt\projekt.srcs\sim_1\new\parameter_tb.vhd:]
WARNING: [filemgmt 56-199] Attempt to get parsing info during refresh. "On-the-fly" syntax checking information may be incorrect. [C:\Users\adamsim\Documents\GitHub\DE1-waveform-gen\projekt\projekt.srcs\sources_1\new\debounce.vhd:]
WARNING: [filemgmt 56-199] Attempt to get parsing info during refresh. "On-the-fly" syntax checking information may be incorrect. [C:\Users\adamsim\Documents\GitHub\DE1-waveform-gen\projekt\projekt.srcs\sources_1\new\debounce.vhd:]
WARNING: [filemgmt 56-199] Attempt to get parsing info during refresh. "On-the-fly" syntax checking information may be incorrect. [C:\Users\adamsim\Documents\GitHub\DE1-waveform-gen\projekt\projekt.srcs\sources_1\new\top.vhd:]
WARNING: [filemgmt 56-199] Attempt to get parsing info during refresh. "On-the-fly" syntax checking information may be incorrect. [C:\Users\adamsim\Documents\GitHub\DE1-waveform-gen\projekt\projekt.srcs\sources_1\new\parameter.vhd:]
WARNING: [filemgmt 56-199] Attempt to get parsing info during refresh. "On-the-fly" syntax checking information may be incorrect. [C:\Users\adamsim\Documents\GitHub\DE1-waveform-gen\projekt\projekt.srcs\sources_1\new\debounce.vhd:]
WARNING: [filemgmt 56-199] Attempt to get parsing info during refresh. "On-the-fly" syntax checking information may be incorrect. [C:\Users\adamsim\Documents\GitHub\DE1-waveform-gen\projekt\projekt.srcs\sources_1\new\TRI_W.vhd:]
WARNING: [filemgmt 56-199] Attempt to get parsing info during refresh. "On-the-fly" syntax checking information may be incorrect. [C:\Users\adamsim\Documents\GitHub\DE1-waveform-gen\projekt\projekt.srcs\sources_1\new\MUX.vhd:]
WARNING: [filemgmt 56-199] Attempt to get parsing info during refresh. "On-the-fly" syntax checking information may be incorrect. [C:\Users\adamsim\Documents\GitHub\DE1-waveform-gen\projekt\projekt.srcs\sources_1\new\dislplay_driver.vhd:]
WARNING: [filemgmt 56-199] Attempt to get parsing info during refresh. "On-the-fly" syntax checking information may be incorrect. [C:\Users\adamsim\Documents\GitHub\DE1-waveform-gen\projekt\projekt.srcs\sim_1\new\parameter_tb.vhd:]
WARNING: [filemgmt 56-199] Attempt to get parsing info during refresh. "On-the-fly" syntax checking information may be incorrect. [C:\Users\adamsim\Documents\GitHub\DE1-waveform-gen\projekt\projekt.srcs\sources_1\new\parameter.vhd:]
WARNING: [filemgmt 56-199] Attempt to get parsing info during refresh. "On-the-fly" syntax checking information may be incorrect. [C:\Users\adamsim\Documents\GitHub\DE1-waveform-gen\projekt\projekt.srcs\sources_1\new\parameter.vhd:]
set_property PROBES.FILE {} [get_hw_devices xc7a50t_0]
set_property FULL_PROBES.FILE {} [get_hw_devices xc7a50t_0]
set_property PROGRAM.FILE {C:/Users/adamsim/Documents/GitHub/DE1-waveform-gen/projekt/projekt.runs/impl_1/top.bit} [get_hw_devices xc7a50t_0]
program_hw_devices [get_hw_devices xc7a50t_0]
INFO: [Labtools 27-3164] End of startup status: HIGH
refresh_hw_device [lindex [get_hw_devices xc7a50t_0] 0]
INFO: [Labtools 27-1434] Device xc7a50t (JTAG device index = 0) is programmed with a design that has no supported soft debug core(s) in it.
exit
INFO: [Common 17-206] Exiting Vivado at Thu Apr 16 18:54:36 2026...
