
*** Running vivado
    with args -log top.vds -m64 -product Vivado -mode batch -messageDb vivado.pb -notrace -source top.tcl



****** Vivado v2025.2 (64-bit)
  **** SW Build 6299465 on Fri Nov 14 19:35:11 GMT 2025
  **** IP Build 6300035 on Fri Nov 14 10:48:45 MST 2025
  **** SharedData Build 6298862 on Thu Nov 13 04:50:51 MST 2025
  **** Start of session at: Thu Apr 16 17:42:25 2026
    ** Copyright 1986-2022 Xilinx, Inc. All Rights Reserved.
    ** Copyright 2022-2025 Advanced Micro Devices, Inc. All Rights Reserved.

source top.tcl -notrace
create_project: Time (s): cpu = 00:00:08 ; elapsed = 00:00:05 . Memory (MB): peak = 532.578 ; gain = 219.262
Command: read_checkpoint -auto_incremental -incremental C:/Users/adamsim/Documents/GitHub/DE1-waveform-gen/projekt/projekt.srcs/utils_1/imports/synth_1/top.dcp
INFO: [Vivado 12-5825] Read reference checkpoint from C:/Users/adamsim/Documents/GitHub/DE1-waveform-gen/projekt/projekt.srcs/utils_1/imports/synth_1/top.dcp for incremental synthesis
INFO: [Vivado 12-7989] Please ensure there are no constraint changes
Command: synth_design -top top -part xc7a50ticsg324-1L
Starting synth_design
Attempting to get a license for feature 'Synthesis' and/or device 'xc7a50ti'
INFO: [Common 17-349] Got license for feature 'Synthesis' and/or device 'xc7a50ti'
INFO: [Device 21-403] Loading part xc7a50ticsg324-1L
INFO: [Designutils 20-5440] No compile time benefit to using incremental synthesis; A full resynthesis will be run
INFO: [Designutils 20-4379] Flow is switching to default flow due to incremental criteria not met. If you would like to alter this behaviour and have the flow terminate instead, please set the following parameter config_implementation {autoIncr.Synth.RejectBehavior Terminate}
INFO: [Synth 8-7079] Multithreading enabled for synth_design using a maximum of 2 processes.
INFO: [Synth 8-7078] Launching helper process for spawning children vivado processes
INFO: [Synth 8-7075] Helper process launched with PID 10772
---------------------------------------------------------------------------------
Starting RTL Elaboration : Time (s): cpu = 00:00:05 ; elapsed = 00:00:05 . Memory (MB): peak = 1267.469 ; gain = 542.602
---------------------------------------------------------------------------------
INFO: [Synth 8-638] synthesizing module 'top' [C:/Users/adamsim/Documents/GitHub/DE1-waveform-gen/projekt/projekt.srcs/sources_1/new/top.vhd:49]
INFO: [Synth 8-3491] module 'parameter' declared at 'C:/Users/adamsim/Documents/GitHub/DE1-waveform-gen/projekt/projekt.srcs/sources_1/new/parameter.vhd:36' bound to instance 'PARAMETER_0' of component 'parameter' [C:/Users/adamsim/Documents/GitHub/DE1-waveform-gen/projekt/projekt.srcs/sources_1/new/top.vhd:162]
INFO: [Synth 8-638] synthesizing module '\parameter ' [C:/Users/adamsim/Documents/GitHub/DE1-waveform-gen/projekt/projekt.srcs/sources_1/new/parameter.vhd:55]
INFO: [Synth 8-256] done synthesizing module '\parameter ' (0#1) [C:/Users/adamsim/Documents/GitHub/DE1-waveform-gen/projekt/projekt.srcs/sources_1/new/parameter.vhd:55]
INFO: [Synth 8-3491] module 'debounce' declared at 'C:/Users/adamsim/Documents/GitHub/DE1-waveform-gen/projekt/projekt.srcs/sources_1/new/debounce.vhd:27' bound to instance 'DB_UP' of component 'debounce' [C:/Users/adamsim/Documents/GitHub/DE1-waveform-gen/projekt/projekt.srcs/sources_1/new/top.vhd:184]
INFO: [Synth 8-638] synthesizing module 'debounce' [C:/Users/adamsim/Documents/GitHub/DE1-waveform-gen/projekt/projekt.srcs/sources_1/new/debounce.vhd:39]
	Parameter G_MAX bound to: 200000 - type: integer 
INFO: [Synth 8-3491] module 'clk_en' declared at 'C:/Users/adamsim/Documents/GitHub/DE1-waveform-gen/projekt/projekt.srcs/sources_1/new/clk_en.vhd:21' bound to instance 'clock_0' of component 'clk_en' [C:/Users/adamsim/Documents/GitHub/DE1-waveform-gen/projekt/projekt.srcs/sources_1/new/debounce.vhd:84]
INFO: [Synth 8-638] synthesizing module 'clk_en' [C:/Users/adamsim/Documents/GitHub/DE1-waveform-gen/projekt/projekt.srcs/sources_1/new/clk_en.vhd:32]
	Parameter G_MAX bound to: 200000 - type: integer 
INFO: [Synth 8-256] done synthesizing module 'clk_en' (0#1) [C:/Users/adamsim/Documents/GitHub/DE1-waveform-gen/projekt/projekt.srcs/sources_1/new/clk_en.vhd:32]
	Parameter G_MAX bound to: 50000000 - type: integer 
INFO: [Synth 8-3491] module 'clk_en' declared at 'C:/Users/adamsim/Documents/GitHub/DE1-waveform-gen/projekt/projekt.srcs/sources_1/new/clk_en.vhd:21' bound to instance 'clock_repeat' of component 'clk_en' [C:/Users/adamsim/Documents/GitHub/DE1-waveform-gen/projekt/projekt.srcs/sources_1/new/debounce.vhd:98]
INFO: [Synth 8-638] synthesizing module 'clk_en__parameterized1' [C:/Users/adamsim/Documents/GitHub/DE1-waveform-gen/projekt/projekt.srcs/sources_1/new/clk_en.vhd:32]
	Parameter G_MAX bound to: 50000000 - type: integer 
INFO: [Synth 8-256] done synthesizing module 'clk_en__parameterized1' (0#1) [C:/Users/adamsim/Documents/GitHub/DE1-waveform-gen/projekt/projekt.srcs/sources_1/new/clk_en.vhd:32]
INFO: [Synth 8-256] done synthesizing module 'debounce' (0#1) [C:/Users/adamsim/Documents/GitHub/DE1-waveform-gen/projekt/projekt.srcs/sources_1/new/debounce.vhd:39]
INFO: [Synth 8-3491] module 'debounce' declared at 'C:/Users/adamsim/Documents/GitHub/DE1-waveform-gen/projekt/projekt.srcs/sources_1/new/debounce.vhd:27' bound to instance 'DB_DOWN' of component 'debounce' [C:/Users/adamsim/Documents/GitHub/DE1-waveform-gen/projekt/projekt.srcs/sources_1/new/top.vhd:195]
INFO: [Synth 8-3491] module 'debounce' declared at 'C:/Users/adamsim/Documents/GitHub/DE1-waveform-gen/projekt/projekt.srcs/sources_1/new/debounce.vhd:27' bound to instance 'DB_LEFT' of component 'debounce' [C:/Users/adamsim/Documents/GitHub/DE1-waveform-gen/projekt/projekt.srcs/sources_1/new/top.vhd:206]
INFO: [Synth 8-3491] module 'debounce' declared at 'C:/Users/adamsim/Documents/GitHub/DE1-waveform-gen/projekt/projekt.srcs/sources_1/new/debounce.vhd:27' bound to instance 'DB_RIGHT' of component 'debounce' [C:/Users/adamsim/Documents/GitHub/DE1-waveform-gen/projekt/projekt.srcs/sources_1/new/top.vhd:217]
INFO: [Synth 8-3491] module 'FreqToPhase' declared at 'C:/Users/adamsim/Documents/GitHub/DE1-waveform-gen/projekt/projekt.srcs/sources_1/new/FreqToPhase.vhd:34' bound to instance 'FREQ_TO_PHASE0' of component 'FreqToPhase' [C:/Users/adamsim/Documents/GitHub/DE1-waveform-gen/projekt/projekt.srcs/sources_1/new/top.vhd:230]
INFO: [Synth 8-638] synthesizing module 'FreqToPhase' [C:/Users/adamsim/Documents/GitHub/DE1-waveform-gen/projekt/projekt.srcs/sources_1/new/FreqToPhase.vhd:43]
INFO: [Synth 8-256] done synthesizing module 'FreqToPhase' (0#1) [C:/Users/adamsim/Documents/GitHub/DE1-waveform-gen/projekt/projekt.srcs/sources_1/new/FreqToPhase.vhd:43]
INFO: [Synth 8-3491] module 'SIN_W' declared at 'C:/Users/adamsim/Documents/GitHub/DE1-waveform-gen/projekt/projekt.srcs/sources_1/new/SIN_W.vhd:34' bound to instance 'SIN_W_0' of component 'SIN_W' [C:/Users/adamsim/Documents/GitHub/DE1-waveform-gen/projekt/projekt.srcs/sources_1/new/top.vhd:238]
INFO: [Synth 8-638] synthesizing module 'SIN_W' [C:/Users/adamsim/Documents/GitHub/DE1-waveform-gen/projekt/projekt.srcs/sources_1/new/SIN_W.vhd:39]
INFO: [Synth 8-256] done synthesizing module 'SIN_W' (0#1) [C:/Users/adamsim/Documents/GitHub/DE1-waveform-gen/projekt/projekt.srcs/sources_1/new/SIN_W.vhd:39]
INFO: [Synth 8-3491] module 'SAW_W' declared at 'C:/Users/adamsim/Documents/GitHub/DE1-waveform-gen/projekt/projekt.srcs/sources_1/new/SAW_W.vhd:34' bound to instance 'SAW_W_0' of component 'SAW_W' [C:/Users/adamsim/Documents/GitHub/DE1-waveform-gen/projekt/projekt.srcs/sources_1/new/top.vhd:244]
INFO: [Synth 8-638] synthesizing module 'SAW_W' [C:/Users/adamsim/Documents/GitHub/DE1-waveform-gen/projekt/projekt.srcs/sources_1/new/SAW_W.vhd:39]
INFO: [Synth 8-256] done synthesizing module 'SAW_W' (0#1) [C:/Users/adamsim/Documents/GitHub/DE1-waveform-gen/projekt/projekt.srcs/sources_1/new/SAW_W.vhd:39]
INFO: [Synth 8-3491] module 'TRI_W' declared at 'C:/Users/adamsim/Documents/GitHub/DE1-waveform-gen/projekt/projekt.srcs/sources_1/new/TRI_W.vhd:34' bound to instance 'TRI_W_0' of component 'TRI_W' [C:/Users/adamsim/Documents/GitHub/DE1-waveform-gen/projekt/projekt.srcs/sources_1/new/top.vhd:250]
INFO: [Synth 8-638] synthesizing module 'TRI_W' [C:/Users/adamsim/Documents/GitHub/DE1-waveform-gen/projekt/projekt.srcs/sources_1/new/TRI_W.vhd:39]
INFO: [Synth 8-256] done synthesizing module 'TRI_W' (0#1) [C:/Users/adamsim/Documents/GitHub/DE1-waveform-gen/projekt/projekt.srcs/sources_1/new/TRI_W.vhd:39]
INFO: [Synth 8-3491] module 'SQR_W' declared at 'C:/Users/adamsim/Documents/GitHub/DE1-waveform-gen/projekt/projekt.srcs/sources_1/new/SQR_W.vhd:34' bound to instance 'SQR_W_0' of component 'SQR_W' [C:/Users/adamsim/Documents/GitHub/DE1-waveform-gen/projekt/projekt.srcs/sources_1/new/top.vhd:256]
INFO: [Synth 8-638] synthesizing module 'SQR_W' [C:/Users/adamsim/Documents/GitHub/DE1-waveform-gen/projekt/projekt.srcs/sources_1/new/SQR_W.vhd:39]
INFO: [Synth 8-256] done synthesizing module 'SQR_W' (0#1) [C:/Users/adamsim/Documents/GitHub/DE1-waveform-gen/projekt/projekt.srcs/sources_1/new/SQR_W.vhd:39]
INFO: [Synth 8-3491] module 'MUX' declared at 'C:/Users/adamsim/Documents/GitHub/DE1-waveform-gen/projekt/projekt.srcs/sources_1/new/MUX.vhd:34' bound to instance 'MUX_0' of component 'MUX' [C:/Users/adamsim/Documents/GitHub/DE1-waveform-gen/projekt/projekt.srcs/sources_1/new/top.vhd:265]
INFO: [Synth 8-638] synthesizing module 'MUX' [C:/Users/adamsim/Documents/GitHub/DE1-waveform-gen/projekt/projekt.srcs/sources_1/new/MUX.vhd:43]
INFO: [Synth 8-256] done synthesizing module 'MUX' (0#1) [C:/Users/adamsim/Documents/GitHub/DE1-waveform-gen/projekt/projekt.srcs/sources_1/new/MUX.vhd:43]
INFO: [Synth 8-3491] module 'PWM' declared at 'C:/Users/adamsim/Documents/GitHub/DE1-waveform-gen/projekt/projekt.srcs/sources_1/new/PWM.vhd:34' bound to instance 'PWM_0' of component 'PWM' [C:/Users/adamsim/Documents/GitHub/DE1-waveform-gen/projekt/projekt.srcs/sources_1/new/top.vhd:275]
INFO: [Synth 8-638] synthesizing module 'PWM' [C:/Users/adamsim/Documents/GitHub/DE1-waveform-gen/projekt/projekt.srcs/sources_1/new/PWM.vhd:41]
INFO: [Synth 8-256] done synthesizing module 'PWM' (0#1) [C:/Users/adamsim/Documents/GitHub/DE1-waveform-gen/projekt/projekt.srcs/sources_1/new/PWM.vhd:41]
INFO: [Synth 8-3491] module 'display_driver' declared at 'C:/Users/adamsim/Documents/GitHub/DE1-waveform-gen/projekt/projekt.srcs/sources_1/new/dislplay_driver.vhd:19' bound to instance 'DISPLAY_DRIVER_0' of component 'display_driver' [C:/Users/adamsim/Documents/GitHub/DE1-waveform-gen/projekt/projekt.srcs/sources_1/new/top.vhd:288]
INFO: [Synth 8-638] synthesizing module 'display_driver' [C:/Users/adamsim/Documents/GitHub/DE1-waveform-gen/projekt/projekt.srcs/sources_1/new/dislplay_driver.vhd:30]
	Parameter G_MAX bound to: 125000 - type: integer 
INFO: [Synth 8-3491] module 'clk_en' declared at 'C:/Users/adamsim/Documents/GitHub/DE1-waveform-gen/projekt/projekt.srcs/sources_1/new/clk_en.vhd:21' bound to instance 'clock_0' of component 'clk_en' [C:/Users/adamsim/Documents/GitHub/DE1-waveform-gen/projekt/projekt.srcs/sources_1/new/dislplay_driver.vhd:74]
INFO: [Synth 8-638] synthesizing module 'clk_en__parameterized3' [C:/Users/adamsim/Documents/GitHub/DE1-waveform-gen/projekt/projekt.srcs/sources_1/new/clk_en.vhd:32]
	Parameter G_MAX bound to: 125000 - type: integer 
INFO: [Synth 8-256] done synthesizing module 'clk_en__parameterized3' (0#1) [C:/Users/adamsim/Documents/GitHub/DE1-waveform-gen/projekt/projekt.srcs/sources_1/new/clk_en.vhd:32]
	Parameter G_MAX bound to: 50000000 - type: integer 
INFO: [Synth 8-3491] module 'clk_en' declared at 'C:/Users/adamsim/Documents/GitHub/DE1-waveform-gen/projekt/projekt.srcs/sources_1/new/clk_en.vhd:21' bound to instance 'clock_1' of component 'clk_en' [C:/Users/adamsim/Documents/GitHub/DE1-waveform-gen/projekt/projekt.srcs/sources_1/new/dislplay_driver.vhd:86]
	Parameter G_BITS bound to: 3 - type: integer 
INFO: [Synth 8-3491] module 'counter' declared at 'C:/Users/adamsim/Documents/GitHub/DE1-waveform-gen/projekt/projekt.srcs/sources_1/new/counter.vhd:26' bound to instance 'counter_0' of component 'counter' [C:/Users/adamsim/Documents/GitHub/DE1-waveform-gen/projekt/projekt.srcs/sources_1/new/dislplay_driver.vhd:97]
INFO: [Synth 8-638] synthesizing module 'counter' [C:/Users/adamsim/Documents/GitHub/DE1-waveform-gen/projekt/projekt.srcs/sources_1/new/counter.vhd:38]
	Parameter G_BITS bound to: 3 - type: integer 
INFO: [Synth 8-256] done synthesizing module 'counter' (0#1) [C:/Users/adamsim/Documents/GitHub/DE1-waveform-gen/projekt/projekt.srcs/sources_1/new/counter.vhd:38]
	Parameter G_BITS bound to: 1 - type: integer 
INFO: [Synth 8-3491] module 'counter' declared at 'C:/Users/adamsim/Documents/GitHub/DE1-waveform-gen/projekt/projekt.srcs/sources_1/new/counter.vhd:26' bound to instance 'counter_1' of component 'counter' [C:/Users/adamsim/Documents/GitHub/DE1-waveform-gen/projekt/projekt.srcs/sources_1/new/dislplay_driver.vhd:110]
INFO: [Synth 8-638] synthesizing module 'counter__parameterized1' [C:/Users/adamsim/Documents/GitHub/DE1-waveform-gen/projekt/projekt.srcs/sources_1/new/counter.vhd:38]
	Parameter G_BITS bound to: 1 - type: integer 
INFO: [Synth 8-256] done synthesizing module 'counter__parameterized1' (0#1) [C:/Users/adamsim/Documents/GitHub/DE1-waveform-gen/projekt/projekt.srcs/sources_1/new/counter.vhd:38]
INFO: [Synth 8-3491] module 'bin2seg' declared at 'C:/Users/adamsim/Documents/GitHub/DE1-waveform-gen/projekt/projekt.srcs/sources_1/new/bin2seg.vhd:23' bound to instance 'decoder_0' of component 'bin2seg' [C:/Users/adamsim/Documents/GitHub/DE1-waveform-gen/projekt/projekt.srcs/sources_1/new/dislplay_driver.vhd:150]
INFO: [Synth 8-638] synthesizing module 'bin2seg' [C:/Users/adamsim/Documents/GitHub/DE1-waveform-gen/projekt/projekt.srcs/sources_1/new/bin2seg.vhd:32]
INFO: [Synth 8-226] default block is never used [C:/Users/adamsim/Documents/GitHub/DE1-waveform-gen/projekt/projekt.srcs/sources_1/new/bin2seg.vhd:42]
INFO: [Synth 8-256] done synthesizing module 'bin2seg' (0#1) [C:/Users/adamsim/Documents/GitHub/DE1-waveform-gen/projekt/projekt.srcs/sources_1/new/bin2seg.vhd:32]
INFO: [Synth 8-256] done synthesizing module 'display_driver' (0#1) [C:/Users/adamsim/Documents/GitHub/DE1-waveform-gen/projekt/projekt.srcs/sources_1/new/dislplay_driver.vhd:30]
INFO: [Synth 8-256] done synthesizing module 'top' (0#1) [C:/Users/adamsim/Documents/GitHub/DE1-waveform-gen/projekt/projekt.srcs/sources_1/new/top.vhd:49]
WARNING: [Synth 8-3917] design top has port dp driven by constant 1
WARNING: [Synth 8-7129] Port IN2[7] in module MUX is either unconnected or has no load
WARNING: [Synth 8-7129] Port IN2[6] in module MUX is either unconnected or has no load
WARNING: [Synth 8-7129] Port IN2[5] in module MUX is either unconnected or has no load
WARNING: [Synth 8-7129] Port IN2[4] in module MUX is either unconnected or has no load
WARNING: [Synth 8-7129] Port IN2[3] in module MUX is either unconnected or has no load
WARNING: [Synth 8-7129] Port IN2[2] in module MUX is either unconnected or has no load
WARNING: [Synth 8-7129] Port IN2[1] in module MUX is either unconnected or has no load
WARNING: [Synth 8-7129] Port IN2[0] in module MUX is either unconnected or has no load
WARNING: [Synth 8-7129] Port IN3[7] in module MUX is either unconnected or has no load
WARNING: [Synth 8-7129] Port IN3[6] in module MUX is either unconnected or has no load
WARNING: [Synth 8-7129] Port IN3[5] in module MUX is either unconnected or has no load
WARNING: [Synth 8-7129] Port IN3[4] in module MUX is either unconnected or has no load
WARNING: [Synth 8-7129] Port IN3[3] in module MUX is either unconnected or has no load
WARNING: [Synth 8-7129] Port IN3[2] in module MUX is either unconnected or has no load
WARNING: [Synth 8-7129] Port IN3[1] in module MUX is either unconnected or has no load
WARNING: [Synth 8-7129] Port IN3[0] in module MUX is either unconnected or has no load
WARNING: [Synth 8-7129] Port sw[15] in module top is either unconnected or has no load
WARNING: [Synth 8-7129] Port sw[14] in module top is either unconnected or has no load
WARNING: [Synth 8-7129] Port sw[13] in module top is either unconnected or has no load
WARNING: [Synth 8-7129] Port sw[12] in module top is either unconnected or has no load
WARNING: [Synth 8-7129] Port sw[11] in module top is either unconnected or has no load
WARNING: [Synth 8-7129] Port sw[10] in module top is either unconnected or has no load
WARNING: [Synth 8-7129] Port sw[9] in module top is either unconnected or has no load
WARNING: [Synth 8-7129] Port sw[8] in module top is either unconnected or has no load
WARNING: [Synth 8-7129] Port sw[7] in module top is either unconnected or has no load
WARNING: [Synth 8-7129] Port sw[6] in module top is either unconnected or has no load
WARNING: [Synth 8-7129] Port sw[5] in module top is either unconnected or has no load
WARNING: [Synth 8-7129] Port sw[4] in module top is either unconnected or has no load
WARNING: [Synth 8-7129] Port sw[3] in module top is either unconnected or has no load
WARNING: [Synth 8-7129] Port sw[2] in module top is either unconnected or has no load
WARNING: [Synth 8-7129] Port sw[1] in module top is either unconnected or has no load
---------------------------------------------------------------------------------
Finished RTL Elaboration : Time (s): cpu = 00:00:06 ; elapsed = 00:00:07 . Memory (MB): peak = 1390.984 ; gain = 666.117
---------------------------------------------------------------------------------
---------------------------------------------------------------------------------
Start Handling Custom Attributes
---------------------------------------------------------------------------------
---------------------------------------------------------------------------------
Finished Handling Custom Attributes : Time (s): cpu = 00:00:07 ; elapsed = 00:00:07 . Memory (MB): peak = 1390.984 ; gain = 666.117
---------------------------------------------------------------------------------
---------------------------------------------------------------------------------
Finished RTL Optimization Phase 1 : Time (s): cpu = 00:00:07 ; elapsed = 00:00:07 . Memory (MB): peak = 1390.984 ; gain = 666.117
---------------------------------------------------------------------------------
Netlist sorting complete. Time (s): cpu = 00:00:00 ; elapsed = 00:00:00.011 . Memory (MB): peak = 1390.984 ; gain = 0.000
INFO: [Project 1-570] Preparing netlist for logic optimization

Processing XDC Constraints
Initializing timing engine
Parsing XDC File [C:/Users/adamsim/Documents/GitHub/DE1-waveform-gen/projekt/projekt.srcs/constrs_1/new/nexys.xdc]
Finished Parsing XDC File [C:/Users/adamsim/Documents/GitHub/DE1-waveform-gen/projekt/projekt.srcs/constrs_1/new/nexys.xdc]
INFO: [Project 1-236] Implementation specific constraints were found while reading constraint file [C:/Users/adamsim/Documents/GitHub/DE1-waveform-gen/projekt/projekt.srcs/constrs_1/new/nexys.xdc]. These constraints will be ignored for synthesis but will be used in implementation. Impacted constraints are listed in the file [.Xil/top_propImpl.xdc].
Resolution: To avoid this warning, move constraints listed in [.Xil/top_propImpl.xdc] to another XDC file and exclude this new file from synthesis with the used_in_synthesis property (File Properties dialog in GUI) and re-run elaboration/synthesis.
Completed Processing XDC Constraints

Netlist sorting complete. Time (s): cpu = 00:00:00 ; elapsed = 00:00:00 . Memory (MB): peak = 1466.496 ; gain = 0.000
INFO: [Project 1-111] Unisim Transformation Summary:
No Unisim elements were transformed.

Constraint Validation Runtime : Time (s): cpu = 00:00:00 ; elapsed = 00:00:00.008 . Memory (MB): peak = 1466.496 ; gain = 0.000
INFO: [Designutils 20-5440] No compile time benefit to using incremental synthesis; A full resynthesis will be run
INFO: [Designutils 20-4379] Flow is switching to default flow due to incremental criteria not met. If you would like to alter this behaviour and have the flow terminate instead, please set the following parameter config_implementation {autoIncr.Synth.RejectBehavior Terminate}
---------------------------------------------------------------------------------
Finished Constraint Validation : Time (s): cpu = 00:00:13 ; elapsed = 00:00:14 . Memory (MB): peak = 1466.496 ; gain = 741.629
---------------------------------------------------------------------------------
---------------------------------------------------------------------------------
Start Loading Part and Timing Information
---------------------------------------------------------------------------------
Loading part: xc7a50ticsg324-1L
---------------------------------------------------------------------------------
Finished Loading Part and Timing Information : Time (s): cpu = 00:00:13 ; elapsed = 00:00:14 . Memory (MB): peak = 1466.496 ; gain = 741.629
---------------------------------------------------------------------------------
---------------------------------------------------------------------------------
Start Applying 'set_property' XDC Constraints
---------------------------------------------------------------------------------
---------------------------------------------------------------------------------
Finished applying 'set_property' XDC Constraints : Time (s): cpu = 00:00:13 ; elapsed = 00:00:14 . Memory (MB): peak = 1466.496 ; gain = 741.629
---------------------------------------------------------------------------------
---------------------------------------------------------------------------------
Finished RTL Optimization Phase 2 : Time (s): cpu = 00:00:14 ; elapsed = 00:00:14 . Memory (MB): peak = 1466.496 ; gain = 741.629
---------------------------------------------------------------------------------
---------------------------------------------------------------------------------
Start RTL Component Statistics 
---------------------------------------------------------------------------------
Detailed RTL Component Info : 
+---Adders : 
	   2 Input    8 Bit       Adders := 1     
	   2 Input    4 Bit       Adders := 2     
	   2 Input    3 Bit       Adders := 3     
+---Registers : 
	               32 Bit    Registers := 1     
	               14 Bit    Registers := 1     
	                8 Bit    Registers := 1     
	                4 Bit    Registers := 13    
	                3 Bit    Registers := 2     
	                1 Bit    Registers := 28    
+---Muxes : 
	   2 Input   14 Bit        Muxes := 2     
	   2 Input    8 Bit        Muxes := 2     
	   7 Input    8 Bit        Muxes := 1     
	   4 Input    8 Bit        Muxes := 1     
	   8 Input    8 Bit        Muxes := 1     
	   2 Input    4 Bit        Muxes := 12    
	   3 Input    4 Bit        Muxes := 1     
	   2 Input    3 Bit        Muxes := 3     
	   3 Input    3 Bit        Muxes := 2     
	   2 Input    1 Bit        Muxes := 59    
	   3 Input    1 Bit        Muxes := 4     
---------------------------------------------------------------------------------
Finished RTL Component Statistics 
---------------------------------------------------------------------------------
---------------------------------------------------------------------------------
Start Part Resource Summary
---------------------------------------------------------------------------------
Part Resources:
DSPs: 120 (col length:60)
BRAMs: 150 (col length: RAMB18 60 RAMB36 30)
---------------------------------------------------------------------------------
Finished Part Resource Summary
---------------------------------------------------------------------------------
---------------------------------------------------------------------------------
Start Cross Boundary and Area Optimization
---------------------------------------------------------------------------------
DSP Report: Generating DSP FREQ_TO_PHASE0/accumulator_reg, operation Mode is: P+A*(B:0x2b).
DSP Report: register FREQ_TO_PHASE0/accumulator_reg is absorbed into DSP FREQ_TO_PHASE0/accumulator_reg.
DSP Report: operator FREQ_TO_PHASE0/accumulator0 is absorbed into DSP FREQ_TO_PHASE0/accumulator_reg.
DSP Report: operator FREQ_TO_PHASE0/multOp is absorbed into DSP FREQ_TO_PHASE0/accumulator_reg.
WARNING: [Synth 8-3917] design top has port dp driven by constant 1
WARNING: [Synth 8-7129] Port sw[15] in module top is either unconnected or has no load
WARNING: [Synth 8-7129] Port sw[14] in module top is either unconnected or has no load
WARNING: [Synth 8-7129] Port sw[13] in module top is either unconnected or has no load
WARNING: [Synth 8-7129] Port sw[12] in module top is either unconnected or has no load
WARNING: [Synth 8-7129] Port sw[11] in module top is either unconnected or has no load
WARNING: [Synth 8-7129] Port sw[10] in module top is either unconnected or has no load
WARNING: [Synth 8-7129] Port sw[9] in module top is either unconnected or has no load
WARNING: [Synth 8-7129] Port sw[8] in module top is either unconnected or has no load
WARNING: [Synth 8-7129] Port sw[7] in module top is either unconnected or has no load
WARNING: [Synth 8-7129] Port sw[6] in module top is either unconnected or has no load
WARNING: [Synth 8-7129] Port sw[5] in module top is either unconnected or has no load
WARNING: [Synth 8-7129] Port sw[4] in module top is either unconnected or has no load
WARNING: [Synth 8-7129] Port sw[3] in module top is either unconnected or has no load
WARNING: [Synth 8-7129] Port sw[2] in module top is either unconnected or has no load
WARNING: [Synth 8-7129] Port sw[1] in module top is either unconnected or has no load
---------------------------------------------------------------------------------
Finished Cross Boundary and Area Optimization : Time (s): cpu = 00:00:17 ; elapsed = 00:00:18 . Memory (MB): peak = 1466.496 ; gain = 741.629
---------------------------------------------------------------------------------
 Sort Area is  FREQ_TO_PHASE0/accumulator_reg_0 : 0 0 : 320 320 : Used 1 time 0
---------------------------------------------------------------------------------
Start ROM, RAM, DSP, Shift Register and Retiming Reporting
---------------------------------------------------------------------------------

DSP: Preliminary Mapping Report (see note below. The ' indicates corresponding REG is set)
+------------+--------------+--------+--------+--------+--------+--------+------+------+------+------+-------+------+------+
|Module Name | DSP Mapping  | A Size | B Size | C Size | D Size | P Size | AREG | BREG | CREG | DREG | ADREG | MREG | PREG | 
+------------+--------------+--------+--------+--------+--------+--------+------+------+------+------+-------+------+------+
|FreqToPhase | P+A*(B:0x2b) | 14     | 6      | -      | -      | 32     | 0    | 0    | -    | -    | -     | 0    | 1    | 
+------------+--------------+--------+--------+--------+--------+--------+------+------+------+------+-------+------+------+

Note: The table above is a preliminary report that shows the DSPs inferred at the current stage of the synthesis flow. Some DSP may be reimplemented as non DSP primitives later in the synthesis flow. Multiple instantiated DSPs are reported only once.
---------------------------------------------------------------------------------
Finished ROM, RAM, DSP, Shift Register and Retiming Reporting
---------------------------------------------------------------------------------
---------------------------------------------------------------------------------
Start Applying XDC Timing Constraints
---------------------------------------------------------------------------------
---------------------------------------------------------------------------------
Finished Applying XDC Timing Constraints : Time (s): cpu = 00:00:22 ; elapsed = 00:00:23 . Memory (MB): peak = 1622.754 ; gain = 897.887
---------------------------------------------------------------------------------
---------------------------------------------------------------------------------
Start Timing Optimization
---------------------------------------------------------------------------------
---------------------------------------------------------------------------------
Finished Timing Optimization : Time (s): cpu = 00:00:23 ; elapsed = 00:00:24 . Memory (MB): peak = 1667.617 ; gain = 942.750
---------------------------------------------------------------------------------
---------------------------------------------------------------------------------
Start Technology Mapping
---------------------------------------------------------------------------------
---------------------------------------------------------------------------------
Finished Technology Mapping : Time (s): cpu = 00:00:23 ; elapsed = 00:00:24 . Memory (MB): peak = 1676.645 ; gain = 951.777
---------------------------------------------------------------------------------
---------------------------------------------------------------------------------
Start IO Insertion
---------------------------------------------------------------------------------
---------------------------------------------------------------------------------
Start Flattening Before IO Insertion
---------------------------------------------------------------------------------
---------------------------------------------------------------------------------
Finished Flattening Before IO Insertion
---------------------------------------------------------------------------------
---------------------------------------------------------------------------------
Start Final Netlist Cleanup
---------------------------------------------------------------------------------
---------------------------------------------------------------------------------
Finished Final Netlist Cleanup
---------------------------------------------------------------------------------
---------------------------------------------------------------------------------
Finished IO Insertion : Time (s): cpu = 00:00:27 ; elapsed = 00:00:28 . Memory (MB): peak = 1892.223 ; gain = 1167.355
---------------------------------------------------------------------------------
---------------------------------------------------------------------------------
Start Renaming Generated Instances
---------------------------------------------------------------------------------
---------------------------------------------------------------------------------
Finished Renaming Generated Instances : Time (s): cpu = 00:00:27 ; elapsed = 00:00:28 . Memory (MB): peak = 1892.223 ; gain = 1167.355
---------------------------------------------------------------------------------
---------------------------------------------------------------------------------
Start Rebuilding User Hierarchy
---------------------------------------------------------------------------------
---------------------------------------------------------------------------------
Finished Rebuilding User Hierarchy : Time (s): cpu = 00:00:27 ; elapsed = 00:00:28 . Memory (MB): peak = 1892.223 ; gain = 1167.355
---------------------------------------------------------------------------------
---------------------------------------------------------------------------------
Start Renaming Generated Ports
---------------------------------------------------------------------------------
---------------------------------------------------------------------------------
Finished Renaming Generated Ports : Time (s): cpu = 00:00:27 ; elapsed = 00:00:28 . Memory (MB): peak = 1892.223 ; gain = 1167.355
---------------------------------------------------------------------------------
---------------------------------------------------------------------------------
Start Handling Custom Attributes
---------------------------------------------------------------------------------
---------------------------------------------------------------------------------
Finished Handling Custom Attributes : Time (s): cpu = 00:00:27 ; elapsed = 00:00:28 . Memory (MB): peak = 1892.223 ; gain = 1167.355
---------------------------------------------------------------------------------
---------------------------------------------------------------------------------
Start Renaming Generated Nets
---------------------------------------------------------------------------------
---------------------------------------------------------------------------------
Finished Renaming Generated Nets : Time (s): cpu = 00:00:27 ; elapsed = 00:00:28 . Memory (MB): peak = 1892.223 ; gain = 1167.355
---------------------------------------------------------------------------------
---------------------------------------------------------------------------------
Start Writing Synthesis Report
---------------------------------------------------------------------------------

DSP Final Report (the ' indicates corresponding REG is set)
+------------+-------------+--------+--------+--------+--------+--------+------+------+------+------+-------+------+------+
|Module Name | DSP Mapping | A Size | B Size | C Size | D Size | P Size | AREG | BREG | CREG | DREG | ADREG | MREG | PREG | 
+------------+-------------+--------+--------+--------+--------+--------+------+------+------+------+-------+------+------+
|FreqToPhase | (P+A*B)'    | 14     | 6      | -      | -      | 32     | 0    | 0    | -    | -    | -     | 0    | 1    | 
+------------+-------------+--------+--------+--------+--------+--------+------+------+------+------+-------+------+------+


Report BlackBoxes: 
+-+--------------+----------+
| |BlackBox name |Instances |
+-+--------------+----------+
+-+--------------+----------+

Report Cell Usage: 
+------+--------+------+
|      |Cell    |Count |
+------+--------+------+
|1     |BUFG    |     1|
|2     |CARRY4  |    83|
|3     |DSP48E1 |     1|
|4     |LUT1    |    22|
|5     |LUT2    |    73|
|6     |LUT3    |    29|
|7     |LUT4    |    70|
|8     |LUT5    |    29|
|9     |LUT6    |    60|
|10    |MUXF7   |     4|
|11    |FDRE    |   319|
|12    |FDSE    |     4|
|13    |IBUF    |     7|
|14    |OBUF    |    18|
+------+--------+------+
---------------------------------------------------------------------------------
Finished Writing Synthesis Report : Time (s): cpu = 00:00:27 ; elapsed = 00:00:28 . Memory (MB): peak = 1892.223 ; gain = 1167.355
---------------------------------------------------------------------------------
Synthesis finished with 0 errors, 0 critical warnings and 16 warnings.
Synthesis Optimization Runtime : Time (s): cpu = 00:00:19 ; elapsed = 00:00:26 . Memory (MB): peak = 1892.223 ; gain = 1091.844
Synthesis Optimization Complete : Time (s): cpu = 00:00:27 ; elapsed = 00:00:28 . Memory (MB): peak = 1892.223 ; gain = 1167.355
INFO: [Project 1-571] Translating synthesized netlist
Netlist sorting complete. Time (s): cpu = 00:00:00 ; elapsed = 00:00:00.006 . Memory (MB): peak = 1901.395 ; gain = 0.000
INFO: [Netlist 29-17] Analyzing 88 Unisim elements for replacement
INFO: [Netlist 29-28] Unisim Transformation completed in 0 CPU seconds
INFO: [Project 1-570] Preparing netlist for logic optimization
INFO: [Opt 31-138] Pushed 0 inverter(s) to 0 load pin(s).
Netlist sorting complete. Time (s): cpu = 00:00:00 ; elapsed = 00:00:00 . Memory (MB): peak = 1905.078 ; gain = 0.000
INFO: [Project 1-111] Unisim Transformation Summary:
No Unisim elements were transformed.

Synth Design complete | Checksum: ac6ffd9
INFO: [Common 17-83] Releasing license: Synthesis
76 Infos, 48 Warnings, 0 Critical Warnings and 0 Errors encountered.
synth_design completed successfully
synth_design: Time (s): cpu = 00:00:30 ; elapsed = 00:00:33 . Memory (MB): peak = 1905.078 ; gain = 1365.977
Write ShapeDB Complete: Time (s): cpu = 00:00:00 ; elapsed = 00:00:00.004 . Memory (MB): peak = 1905.078 ; gain = 0.000
INFO: [Common 17-1381] The checkpoint 'C:/Users/adamsim/Documents/GitHub/DE1-waveform-gen/projekt/projekt.runs/synth_1/top.dcp' has been generated.
INFO: [Vivado 12-24828] Executing command : report_utilization -file top_utilization_synth.rpt -pb top_utilization_synth.pb
INFO: [Common 17-206] Exiting Vivado at Thu Apr 16 17:43:06 2026...
